[0.005s] Invoking command in '/home/airlab/ros2_ws/build/stanley_controller': CMAKE_PREFIX_PATH=${CMAKE_PREFIX_PATH}:/home/airlab/ros2_ws/install/carla_state_publisher:/home/airlab/ros2_ws/install/carla_path_planner:/home/airlab/ros2_ws/install/carla_map_gen:/opt/ros/jazzy DEBUGINFOD_URLS=https://debuginfod.ubuntu.com /usr/bin/cmake /home/airlab/ros2_ws/src/stanley_controller -DAMENT_CMAKE_SYMLINK_INSTALL=1 -DCMAKE_INSTALL_PREFIX=/home/airlab/ros2_ws/install/stanley_controller
[0.052s] -- The C compiler identification is GNU 13.3.0
[0.090s] -- The CXX compiler identification is GNU 13.3.0
[0.108s] -- Detecting C compiler ABI info
[0.174s] -- Detecting C compiler ABI info - done
[0.185s] -- Check for working C compiler: /usr/bin/cc - skipped
[0.185s] -- Detecting C compile features
[0.185s] -- Detecting C compile features - done
[0.192s] -- Detecting CXX compiler ABI info
[0.269s] -- Detecting CXX compiler ABI info - done
[0.274s] -- Check for working CXX compiler: /usr/bin/c++ - skipped
[0.274s] -- Detecting CXX compile features
[0.274s] -- Detecting CXX compile features - done
[0.281s] -- Found ament_cmake: 2.5.4 (/opt/ros/jazzy/share/ament_cmake/cmake)
[0.396s] -- Found Python3: /usr/bin/python3 (found version "3.12.3") found components: Interpreter 
[0.452s] -- Override CMake install command with custom implementation using symlinks instead of copying resources
[0.483s] -- Found rclcpp: 28.1.13 (/opt/ros/jazzy/share/rclcpp/cmake)
[0.520s] -- Found rosidl_generator_c: 4.6.6 (/opt/ros/jazzy/share/rosidl_generator_c/cmake)
[0.529s] -- Found rosidl_generator_cpp: 4.6.6 (/opt/ros/jazzy/share/rosidl_generator_cpp/cmake)
[0.547s] -- Using all available rosidl_typesupport_c: rosidl_typesupport_fastrtps_c;rosidl_typesupport_introspection_c
[0.563s] -- Using all available rosidl_typesupport_cpp: rosidl_typesupport_fastrtps_cpp;rosidl_typesupport_introspection_cpp
[0.625s] -- Found rmw_implementation_cmake: 7.3.2 (/opt/ros/jazzy/share/rmw_implementation_cmake/cmake)
[0.627s] -- Found rmw_fastrtps_cpp: 8.4.3 (/opt/ros/jazzy/share/rmw_fastrtps_cpp/cmake)
[0.700s] -- Found OpenSSL: /usr/lib/x86_64-linux-gnu/libcrypto.so (found version "3.0.13")  
[0.726s] -- Found FastRTPS: /opt/ros/jazzy/include (Required is at least version "2.13") 
[0.752s] -- Using RMW implementation 'rmw_fastrtps_cpp' as default
[0.812s] -- Found turtlesim: 1.8.3 (/opt/ros/jazzy/share/turtlesim/cmake)
[0.863s] -- Found nav_msgs: 5.3.6 (/opt/ros/jazzy/share/nav_msgs/cmake)
[0.908s] -- Found tf2: 0.36.16 (/opt/ros/jazzy/share/tf2/cmake)
[0.912s] -- Found tf2_geometry_msgs: 0.36.16 (/opt/ros/jazzy/share/tf2_geometry_msgs/cmake)
[0.931s] -- Found eigen3_cmake_module: 0.3.0 (/opt/ros/jazzy/share/eigen3_cmake_module/cmake)
[0.932s] -- Found Eigen3: TRUE (found version "3.4.0") 
[0.932s] -- Ensuring Eigen3 include directory is part of orocos-kdl CMake target
[1.015s] -- Found ament_lint_auto: 0.17.3 (/opt/ros/jazzy/share/ament_lint_auto/cmake)
[1.094s] -- Added test 'copyright' to check source files copyright and LICENSE
[1.095s] -- Added test 'cppcheck' to perform static code analysis on C / C++ code
[1.096s] -- Configured cppcheck include dirs: /home/airlab/ros2_ws/src/stanley_controller/include
[1.096s] -- Configured cppcheck exclude dirs and/or files: 
[1.097s] -- Added test 'cpplint' to check C / C++ code against the Google style
[1.097s] -- Configured cpplint exclude dirs and/or files: 
[1.097s] -- Added test 'flake8' to check Python code syntax and style conventions
[1.097s] -- Configured 'flake8' exclude dirs and/or files: 
[1.098s] -- Added test 'lint_cmake' to check CMake code style
[1.098s] -- Added test 'pep257' to check Python code against some of the docstring style conventions in PEP 257
[1.100s] -- Added test 'uncrustify' to check C / C++ code style
[1.100s] -- Configured uncrustify additional arguments: 
[1.104s] -- Added test 'xmllint' to check XML markup files
[1.104s] -- Configuring done (1.1s)
[1.111s] -- Generating done (0.0s)
[1.113s] -- Build files have been written to: /home/airlab/ros2_ws/build/stanley_controller
[1.120s] Invoked command in '/home/airlab/ros2_ws/build/stanley_controller' returned '0': CMAKE_PREFIX_PATH=${CMAKE_PREFIX_PATH}:/home/airlab/ros2_ws/install/carla_state_publisher:/home/airlab/ros2_ws/install/carla_path_planner:/home/airlab/ros2_ws/install/carla_map_gen:/opt/ros/jazzy DEBUGINFOD_URLS=https://debuginfod.ubuntu.com /usr/bin/cmake /home/airlab/ros2_ws/src/stanley_controller -DAMENT_CMAKE_SYMLINK_INSTALL=1 -DCMAKE_INSTALL_PREFIX=/home/airlab/ros2_ws/install/stanley_controller
[1.121s] Invoking command in '/home/airlab/ros2_ws/build/stanley_controller': CMAKE_PREFIX_PATH=${CMAKE_PREFIX_PATH}:/home/airlab/ros2_ws/install/carla_state_publisher:/home/airlab/ros2_ws/install/carla_path_planner:/home/airlab/ros2_ws/install/carla_map_gen:/opt/ros/jazzy DEBUGINFOD_URLS=https://debuginfod.ubuntu.com /usr/bin/cmake --build /home/airlab/ros2_ws/build/stanley_controller -- -j32 -l32
[1.163s] [ 50%] [32mBuilding CXX object CMakeFiles/stanley_controller_node.dir/src/stanley_controller_node.cpp.o[0m
[2.510s] [01m[K/home/airlab/ros2_ws/src/stanley_controller/src/stanley_controller_node.cpp:[m[K In member function ‘[01m[Kvoid StanleyController::[01;32m[Kstanley_control[m[K()[m[K’:
[2.510s] [01m[K/home/airlab/ros2_ws/src/stanley_controller/src/stanley_controller_node.cpp:154:20:[m[K [01;35m[Kwarning: [m[Kunused variable ‘[01m[Klog_counter[m[K’ [[01;35m[K]8;;https://gcc.gnu.org/onlinedocs/gcc/Warning-Options.html#index-Wunused-variable-Wunused-variable]8;;[m[K]
[2.510s]   154 |         static int [01;35m[Klog_counter[m[K = 0;
[2.510s]       |                    [01;35m[K^~~~~~~~~~~[m[K
[2.510s] [01m[K/home/airlab/ros2_ws/src/stanley_controller/src/stanley_controller_node.cpp:[m[K In member function ‘[01m[Kdouble StanleyController::[01;32m[Kcalculate_velocity[m[K(double)[m[K’:
[2.510s] [01m[K/home/airlab/ros2_ws/src/stanley_controller/src/stanley_controller_node.cpp:272:38:[m[K [01;35m[Kwarning: [m[Kunused parameter ‘[01m[Kdist_to_goal[m[K’ [[01;35m[K]8;;https://gcc.gnu.org/onlinedocs/gcc/Warning-Options.html#index-Wunused-parameter-Wunused-parameter]8;;[m[K]
[2.510s]   272 |     double calculate_velocity([01;35m[Kdouble dist_to_goal[m[K)
[2.510s]       |                               [01;35m[K~~~~~~~^~~~~~~~~~~~[m[K
[7.114s] [100%] [32m[1mLinking CXX executable stanley_controller_node[0m
[7.384s] [100%] Built target stanley_controller_node
[7.390s] Invoked command in '/home/airlab/ros2_ws/build/stanley_controller' returned '0': CMAKE_PREFIX_PATH=${CMAKE_PREFIX_PATH}:/home/airlab/ros2_ws/install/carla_state_publisher:/home/airlab/ros2_ws/install/carla_path_planner:/home/airlab/ros2_ws/install/carla_map_gen:/opt/ros/jazzy DEBUGINFOD_URLS=https://debuginfod.ubuntu.com /usr/bin/cmake --build /home/airlab/ros2_ws/build/stanley_controller -- -j32 -l32
[7.396s] Invoking command in '/home/airlab/ros2_ws/build/stanley_controller': CMAKE_PREFIX_PATH=${CMAKE_PREFIX_PATH}:/home/airlab/ros2_ws/install/carla_state_publisher:/home/airlab/ros2_ws/install/carla_path_planner:/home/airlab/ros2_ws/install/carla_map_gen:/opt/ros/jazzy DEBUGINFOD_URLS=https://debuginfod.ubuntu.com /usr/bin/cmake --install /home/airlab/ros2_ws/build/stanley_controller
[7.405s] -- Install configuration: ""
[7.406s] -- Execute custom install script
[7.406s] -- Symlinking: /home/airlab/ros2_ws/install/stanley_controller/lib/stanley_controller/stanley_controller_node
[7.412s] -- Symlinking: /home/airlab/ros2_ws/install/stanley_controller/share/stanley_controller//launch/circular.launch.py
[7.416s] -- Symlinking: /home/airlab/ros2_ws/install/stanley_controller/share/stanley_controller//launch/full_system.launch.py
[7.420s] -- Symlinking: /home/airlab/ros2_ws/install/stanley_controller/share/stanley_controller//launch/square.launch.py
[7.432s] -- Symlinking: /home/airlab/ros2_ws/install/stanley_controller/share/stanley_controller//launch/stanley_controller.launch.py
[7.439s] -- Symlinking: /home/airlab/ros2_ws/install/stanley_controller/share/ament_index/resource_index/package_run_dependencies/stanley_controller
[7.444s] -- Symlinking: /home/airlab/ros2_ws/install/stanley_controller/share/ament_index/resource_index/parent_prefix_path/stanley_controller
[7.449s] -- Symlinking: /home/airlab/ros2_ws/install/stanley_controller/share/stanley_controller/environment/ament_prefix_path.sh
[7.459s] -- Symlinking: /home/airlab/ros2_ws/install/stanley_controller/share/stanley_controller/environment/ament_prefix_path.dsv
[7.468s] -- Symlinking: /home/airlab/ros2_ws/install/stanley_controller/share/stanley_controller/environment/path.sh
[7.473s] -- Symlinking: /home/airlab/ros2_ws/install/stanley_controller/share/stanley_controller/environment/path.dsv
[7.477s] -- Symlinking: /home/airlab/ros2_ws/install/stanley_controller/share/stanley_controller/local_setup.bash
[7.486s] -- Symlinking: /home/airlab/ros2_ws/install/stanley_controller/share/stanley_controller/local_setup.sh
[7.493s] -- Symlinking: /home/airlab/ros2_ws/install/stanley_controller/share/stanley_controller/local_setup.zsh
[7.498s] -- Symlinking: /home/airlab/ros2_ws/install/stanley_controller/share/stanley_controller/local_setup.dsv
[7.505s] -- Symlinking: /home/airlab/ros2_ws/install/stanley_controller/share/stanley_controller/package.dsv
[7.515s] -- Symlinking: /home/airlab/ros2_ws/install/stanley_controller/share/ament_index/resource_index/packages/stanley_controller
[7.523s] -- Symlinking: /home/airlab/ros2_ws/install/stanley_controller/share/stanley_controller/cmake/stanley_controllerConfig.cmake
[7.529s] -- Symlinking: /home/airlab/ros2_ws/install/stanley_controller/share/stanley_controller/cmake/stanley_controllerConfig-version.cmake
[7.534s] -- Symlinking: /home/airlab/ros2_ws/install/stanley_controller/share/stanley_controller/package.xml
[7.539s] Invoked command in '/home/airlab/ros2_ws/build/stanley_controller' returned '0': CMAKE_PREFIX_PATH=${CMAKE_PREFIX_PATH}:/home/airlab/ros2_ws/install/carla_state_publisher:/home/airlab/ros2_ws/install/carla_path_planner:/home/airlab/ros2_ws/install/carla_map_gen:/opt/ros/jazzy DEBUGINFOD_URLS=https://debuginfod.ubuntu.com /usr/bin/cmake --install /home/airlab/ros2_ws/build/stanley_controller
