[ 50%] [32mBuilding CXX object CMakeFiles/stanley_controller_node.dir/src/stanley_controller_node.cpp.o[0m
[01m[K/home/airlab/ros2_ws/src/stanley_controller/src/stanley_controller_node.cpp:[m[K In constructor ‘[01m[KStanleyController::[01;32m[KStanleyController[m[K()[m[K’:
[01m[K/home/airlab/ros2_ws/src/stanley_controller/src/stanley_controller_node.cpp:44:86:[m[K [01;31m[Kerror: [m[Kno match for ‘[01m[Koperator=[m[K’ (operand types are ‘[01m[Krclcpp::Subscription<turtlesim::msg::Pose_<std::allocator<void> > >::SharedPtr[m[K’ {aka ‘[01m[Kstd::shared_ptr<rclcpp::Subscription<turtlesim::msg::Pose_<std::allocator<void> > > >[m[K’} and ‘[01m[Kstd::shared_ptr<rclcpp::Subscription<geometry_msgs::msg::PoseStamped_<std::allocator<void> >, std::allocator<void>, geometry_msgs::msg::PoseStamped_<std::allocator<void> >, geometry_msgs::msg::PoseStamped_<std::allocator<void> >, rclcpp::message_memory_strategy::MessageMemoryStrategy<geometry_msgs::msg::PoseStamped_<std::allocator<void> >, std::allocator<void> > > >[m[K’)
   44 | :bind(&StanleyController::pose_callback, this, std::placeholders::_1)[01;31m[K)[m[K;
      |                                                                      [01;31m[K^[m[K

In file included from [01m[K/usr/include/c++/13/memory:80[m[K,
                 from [01m[K/opt/ros/jazzy/include/rclcpp/rclcpp/rclcpp.hpp:169[m[K,
                 from [01m[K/home/airlab/ros2_ws/src/stanley_controller/src/stanley_controller_node.cpp:1[m[K:
[01m[K/usr/include/c++/13/bits/shared_ptr.h:418:9:[m[K [01;36m[Knote: [m[Kcandidate: ‘[01m[Ktemplate<class _Yp> std::shared_ptr<_Tp>::_Assignable<const std::shared_ptr<_Yp>&> std::shared_ptr<_Tp>::[01;32m[Koperator=[m[K(const std::shared_ptr<_Yp>&) [35m[K[with _Tp = rclcpp::Subscription<turtlesim::msg::Pose_<std::allocator<void> > >][m[K[m[K’
  418 |         [01;36m[Koperator[m[K=(const shared_ptr<_Yp>& __r) noexcept
      |         [01;36m[K^~~~~~~~[m[K
[01m[K/usr/include/c++/13/bits/shared_ptr.h:418:9:[m[K [01;36m[Knote: [m[K  template argument deduction/substitution failed:
/usr/include/c++/13/bits/shared_ptr.h: In substitution of ‘[01m[Ktemplate<class _Tp> template<class _Arg> using std::shared_ptr<_Tp>::_Assignable = typename std::enable_if<std::is_assignable<std::__shared_ptr<_Tp>&, _Arg>::value, std::shared_ptr<_Tp>&>::type [35m[K[with _Arg = const std::shared_ptr<rclcpp::Subscription<geometry_msgs::msg::PoseStamped_<std::allocator<void> >, std::allocator<void>, geometry_msgs::msg::PoseStamped_<std::allocator<void> >, geometry_msgs::msg::PoseStamped_<std::allocator<void> >, rclcpp::message_memory_strategy::MessageMemoryStrategy<geometry_msgs::msg::PoseStamped_<std::allocator<void> >, std::allocator<void> > > >&; _Tp = rclcpp::Subscription<turtlesim::msg::Pose_<std::allocator<void> > >][m[K[m[K’:
[01m[K/usr/include/c++/13/bits/shared_ptr.h:418:2:[m[K   required by substitution of ‘[01m[Ktemplate<class _Yp> std::shared_ptr<rclcpp::Subscription<turtlesim::msg::Pose_<std::allocator<void> > > >::_Assignable<const std::shared_ptr<_Tp>&> std::shared_ptr<rclcpp::Subscription<turtlesim::msg::Pose_<std::allocator<void> > > >::[01;32m[Koperator=[m[K(const std::shared_ptr<_Tp>&) [35m[K[with _Yp = rclcpp::Subscription<geometry_msgs::msg::PoseStamped_<std::allocator<void> >, std::allocator<void>, geometry_msgs::msg::PoseStamped_<std::allocator<void> >, geometry_msgs::msg::PoseStamped_<std::allocator<void> >, rclcpp::message_memory_strategy::MessageMemoryStrategy<geometry_msgs::msg::PoseStamped_<std::allocator<void> >, std::allocator<void> > >][m[K[m[K’
[01m[K/home/airlab/ros2_ws/src/stanley_controller/src/stanley_controller_node.cpp:44:86:[m[K   required from here
[01m[K/usr/include/c++/13/bits/shared_ptr.h:183:15:[m[K [01;31m[Kerror: [m[Kno type named ‘[01m[Ktype[m[K’ in ‘[01m[Kstruct std::enable_if<false, std::shared_ptr<rclcpp::Subscription<turtlesim::msg::Pose_<std::allocator<void> > > >&>[m[K’
  183 |         using [01;31m[K_Assignable[m[K = typename enable_if<
      |               [01;31m[K^~~~~~~~~~~[m[K
[01m[K/usr/include/c++/13/bits/shared_ptr.h:429:9:[m[K [01;36m[Knote: [m[Kcandidate: ‘[01m[Ktemplate<class _Yp> std::shared_ptr<_Tp>::_Assignable<std::auto_ptr<_Up> > std::shared_ptr<_Tp>::[01;32m[Koperator=[m[K(std::auto_ptr<_Up>&&) [35m[K[with _Tp = rclcpp::Subscription<turtlesim::msg::Pose_<std::allocator<void> > >][m[K[m[K’
  429 |         [01;36m[Koperator[m[K=(auto_ptr<_Yp>&& __r)
      |         [01;36m[K^~~~~~~~[m[K
[01m[K/usr/include/c++/13/bits/shared_ptr.h:429:9:[m[K [01;36m[Knote: [m[K  template argument deduction/substitution failed:
[01m[K/home/airlab/ros2_ws/src/stanley_controller/src/stanley_controller_node.cpp:44:86:[m[K [01;36m[Knote: [m[K  ‘[01m[Kstd::shared_ptr<rclcpp::Subscription<geometry_msgs::msg::PoseStamped_<std::allocator<void> >, std::allocator<void>, geometry_msgs::msg::PoseStamped_<std::allocator<void> >, geometry_msgs::msg::PoseStamped_<std::allocator<void> >, rclcpp::message_memory_strategy::MessageMemoryStrategy<geometry_msgs::msg::PoseStamped_<std::allocator<void> >, std::allocator<void> > > >[m[K’ is not derived from ‘[01m[Kstd::auto_ptr<_Up>[m[K’
   44 | :bind(&StanleyController::pose_callback, this, std::placeholders::_1)[01;36m[K)[m[K;
      |                                                                      [01;36m[K^[m[K

[01m[K/usr/include/c++/13/bits/shared_ptr.h:446:9:[m[K [01;36m[Knote: [m[Kcandidate: ‘[01m[Ktemplate<class _Yp> std::shared_ptr<_Tp>::_Assignable<std::shared_ptr<_Yp> > std::shared_ptr<_Tp>::[01;32m[Koperator=[m[K(std::shared_ptr<_Yp>&&) [35m[K[with _Tp = rclcpp::Subscription<turtlesim::msg::Pose_<std::allocator<void> > >][m[K[m[K’
  446 |         [01;36m[Koperator[m[K=(shared_ptr<_Yp>&& __r) noexcept
      |         [01;36m[K^~~~~~~~[m[K
[01m[K/usr/include/c++/13/bits/shared_ptr.h:446:9:[m[K [01;36m[Knote: [m[K  template argument deduction/substitution failed:
/usr/include/c++/13/bits/shared_ptr.h: In substitution of ‘[01m[Ktemplate<class _Tp> template<class _Arg> using std::shared_ptr<_Tp>::_Assignable = typename std::enable_if<std::is_assignable<std::__shared_ptr<_Tp>&, _Arg>::value, std::shared_ptr<_Tp>&>::type [35m[K[with _Arg = std::shared_ptr<rclcpp::Subscription<geometry_msgs::msg::PoseStamped_<std::allocator<void> >, std::allocator<void>, geometry_msgs::msg::PoseStamped_<std::allocator<void> >, geometry_msgs::msg::PoseStamped_<std::allocator<void> >, rclcpp::message_memory_strategy::MessageMemoryStrategy<geometry_msgs::msg::PoseStamped_<std::allocator<void> >, std::allocator<void> > > >; _Tp = rclcpp::Subscription<turtlesim::msg::Pose_<std::allocator<void> > >][m[K[m[K’:
[01m[K/usr/include/c++/13/bits/shared_ptr.h:446:2:[m[K   required by substitution of ‘[01m[Ktemplate<class _Yp> std::shared_ptr<rclcpp::Subscription<turtlesim::msg::Pose_<std::allocator<void> > > >::_Assignable<std::shared_ptr<_Tp> > std::shared_ptr<rclcpp::Subscription<turtlesim::msg::Pose_<std::allocator<void> > > >::[01;32m[Koperator=[m[K(std::shared_ptr<_Tp>&&) [35m[K[with _Yp = rclcpp::Subscription<geometry_msgs::msg::PoseStamped_<std::allocator<void> >, std::allocator<void>, geometry_msgs::msg::PoseStamped_<std::allocator<void> >, geometry_msgs::msg::PoseStamped_<std::allocator<void> >, rclcpp::message_memory_strategy::MessageMemoryStrategy<geometry_msgs::msg::PoseStamped_<std::allocator<void> >, std::allocator<void> > >][m[K[m[K’
[01m[K/home/airlab/ros2_ws/src/stanley_controller/src/stanley_controller_node.cpp:44:86:[m[K   required from here
[01m[K/usr/include/c++/13/bits/shared_ptr.h:183:15:[m[K [01;31m[Kerror: [m[Kno type named ‘[01m[Ktype[m[K’ in ‘[01m[Kstruct std::enable_if<false, std::shared_ptr<rclcpp::Subscription<turtlesim::msg::Pose_<std::allocator<void> > > >&>[m[K’
  183 |         using [01;31m[K_Assignable[m[K = typename enable_if<
      |               [01;31m[K^~~~~~~~~~~[m[K
[01m[K/usr/include/c++/13/bits/shared_ptr.h:454:9:[m[K [01;36m[Knote: [m[Kcandidate: ‘[01m[Ktemplate<class _Yp, class _Del> std::shared_ptr<_Tp>::_Assignable<std::unique_ptr<_Up, _Ep> > std::shared_ptr<_Tp>::[01;32m[Koperator=[m[K(std::unique_ptr<_Up, _Ep>&&) [35m[K[with _Del = _Yp; _Tp = rclcpp::Subscription<turtlesim::msg::Pose_<std::allocator<void> > >][m[K[m[K’
  454 |         [01;36m[Koperator[m[K=(unique_ptr<_Yp, _Del>&& __r)
      |         [01;36m[K^~~~~~~~[m[K
[01m[K/usr/include/c++/13/bits/shared_ptr.h:454:9:[m[K [01;36m[Knote: [m[K  template argument deduction/substitution failed:
[01m[K/home/airlab/ros2_ws/src/stanley_controller/src/stanley_controller_node.cpp:44:86:[m[K [01;36m[Knote: [m[K  ‘[01m[Kstd::shared_ptr<rclcpp::Subscription<geometry_msgs::msg::PoseStamped_<std::allocator<void> >, std::allocator<void>, geometry_msgs::msg::PoseStamped_<std::allocator<void> >, geometry_msgs::msg::PoseStamped_<std::allocator<void> >, rclcpp::message_memory_strategy::MessageMemoryStrategy<geometry_msgs::msg::PoseStamped_<std::allocator<void> >, std::allocator<void> > > >[m[K’ is not derived from ‘[01m[Kstd::unique_ptr<_Tp, _Dp>[m[K’
   44 | :bind(&StanleyController::pose_callback, this, std::placeholders::_1)[01;36m[K)[m[K;
      |                                                                      [01;36m[K^[m[K

[01m[K/usr/include/c++/13/bits/shared_ptr.h:414:19:[m[K [01;36m[Knote: [m[Kcandidate: ‘[01m[Kstd::shared_ptr<_Tp>& std::shared_ptr<_Tp>::[01;32m[Koperator=[m[K(const std::shared_ptr<_Tp>&) [35m[K[with _Tp = rclcpp::Subscription<turtlesim::msg::Pose_<std::allocator<void> > >][m[K[m[K’
  414 |       shared_ptr& [01;36m[Koperator[m[K=(const shared_ptr&) noexcept = default;
      |                   [01;36m[K^~~~~~~~[m[K
[01m[K/usr/include/c++/13/bits/shared_ptr.h:414:29:[m[K [01;36m[Knote: [m[K  no known conversion for argument 1 from ‘[01m[Kstd::shared_ptr<rclcpp::Subscription<geometry_msgs::msg::PoseStamped_<std::allocator<void> >, std::allocator<void>, geometry_msgs::msg::PoseStamped_<std::allocator<void> >, geometry_msgs::msg::PoseStamped_<std::allocator<void> >, rclcpp::message_memory_strategy::MessageMemoryStrategy<geometry_msgs::msg::PoseStamped_<std::allocator<void> >, std::allocator<void> > > >[m[K’ to ‘[01m[Kconst std::shared_ptr<rclcpp::Subscription<turtlesim::msg::Pose_<std::allocator<void> > > >&[m[K’
  414 |       shared_ptr& operator=([01;36m[Kconst shared_ptr&[m[K) noexcept = default;
      |                             [01;36m[K^~~~~~~~~~~~~~~~~[m[K
[01m[K/usr/include/c++/13/bits/shared_ptr.h:438:7:[m[K [01;36m[Knote: [m[Kcandidate: ‘[01m[Kstd::shared_ptr<_Tp>& std::shared_ptr<_Tp>::[01;32m[Koperator=[m[K(std::shared_ptr<_Tp>&&) [35m[K[with _Tp = rclcpp::Subscription<turtlesim::msg::Pose_<std::allocator<void> > >][m[K[m[K’
  438 |       [01;36m[Koperator[m[K=(shared_ptr&& __r) noexcept
      |       [01;36m[K^~~~~~~~[m[K
[01m[K/usr/include/c++/13/bits/shared_ptr.h:438:30:[m[K [01;36m[Knote: [m[K  no known conversion for argument 1 from ‘[01m[Kstd::shared_ptr<rclcpp::Subscription<geometry_msgs::msg::PoseStamped_<std::allocator<void> >, std::allocator<void>, geometry_msgs::msg::PoseStamped_<std::allocator<void> >, geometry_msgs::msg::PoseStamped_<std::allocator<void> >, rclcpp::message_memory_strategy::MessageMemoryStrategy<geometry_msgs::msg::PoseStamped_<std::allocator<void> >, std::allocator<void> > > >[m[K’ to ‘[01m[Kstd::shared_ptr<rclcpp::Subscription<turtlesim::msg::Pose_<std::allocator<void> > > >&&[m[K’
  438 |       operator=([01;36m[Kshared_ptr&& __r[m[K) noexcept
      |                 [01;36m[K~~~~~~~~~~~~~^~~[m[K
[01m[K/home/airlab/ros2_ws/src/stanley_controller/src/stanley_controller_node.cpp:[m[K In member function ‘[01m[Kvoid StanleyController::[01;32m[Kpose_callback[m[K(geometry_msgs::msg::PoseStamped_<std::allocator<void> >::SharedPtr)[m[K’:
[01m[K/home/airlab/ros2_ws/src/stanley_controller/src/stanley_controller_node.cpp:70:26:[m[K [01;31m[Kerror: [m[Kno match for ‘[01m[Koperator=[m[K’ (operand types are ‘[01m[Kturtlesim::msg::Pose[m[K’ {aka ‘[01m[Kturtlesim::msg::Pose_<std::allocator<void> >[m[K’} and ‘[01m[Kstd::__shared_ptr_access<geometry_msgs::msg::PoseStamped_<std::allocator<void> >, __gnu_cxx::_S_atomic, false, false>::element_type[m[K’ {aka ‘[01m[Kgeometry_msgs::msg::PoseStamped_<std::allocator<void> >[m[K’})
   70 |         current_pose_ = *[01;31m[Kmsg[m[K;
      |                          [01;31m[K^~~[m[K
In file included from [01m[K/opt/ros/jazzy/include/turtlesim/turtlesim/msg/pose.hpp:7[m[K,
                 from [01m[K/home/airlab/ros2_ws/src/stanley_controller/src/stanley_controller_node.cpp:2[m[K:
[01m[K/opt/ros/jazzy/include/turtlesim/turtlesim/msg/detail/pose__struct.hpp:35:8:[m[K [01;36m[Knote: [m[Kcandidate: ‘[01m[Kconstexpr turtlesim::msg::Pose_<std::allocator<void> >& turtlesim::msg::Pose_<std::allocator<void> >::[01;32m[Koperator=[m[K(const turtlesim::msg::Pose_<std::allocator<void> >&)[m[K’
   35 | struct [01;36m[KPose_[m[K
      |        [01;36m[K^~~~~[m[K
[01m[K/opt/ros/jazzy/include/turtlesim/turtlesim/msg/detail/pose__struct.hpp:35:8:[m[K [01;36m[Knote: [m[K  no known conversion for argument 1 from ‘[01m[Kstd::__shared_ptr_access<geometry_msgs::msg::PoseStamped_<std::allocator<void> >, __gnu_cxx::_S_atomic, false, false>::element_type[m[K’ {aka ‘[01m[Kgeometry_msgs::msg::PoseStamped_<std::allocator<void> >[m[K’} to ‘[01m[Kconst turtlesim::msg::Pose_<std::allocator<void> >&[m[K’
[01m[K/opt/ros/jazzy/include/turtlesim/turtlesim/msg/detail/pose__struct.hpp:35:8:[m[K [01;36m[Knote: [m[Kcandidate: ‘[01m[Kconstexpr turtlesim::msg::Pose_<std::allocator<void> >& turtlesim::msg::Pose_<std::allocator<void> >::[01;32m[Koperator=[m[K(turtlesim::msg::Pose_<std::allocator<void> >&&)[m[K’
[01m[K/opt/ros/jazzy/include/turtlesim/turtlesim/msg/detail/pose__struct.hpp:35:8:[m[K [01;36m[Knote: [m[K  no known conversion for argument 1 from ‘[01m[Kstd::__shared_ptr_access<geometry_msgs::msg::PoseStamped_<std::allocator<void> >, __gnu_cxx::_S_atomic, false, false>::element_type[m[K’ {aka ‘[01m[Kgeometry_msgs::msg::PoseStamped_<std::allocator<void> >[m[K’} to ‘[01m[Kturtlesim::msg::Pose_<std::allocator<void> >&&[m[K’
[01m[K/home/airlab/ros2_ws/src/stanley_controller/src/stanley_controller_node.cpp:[m[K In member function ‘[01m[Kvoid StanleyController::[01;32m[Kstanley_control[m[K()[m[K’:
[01m[K/home/airlab/ros2_ws/src/stanley_controller/src/stanley_controller_node.cpp:154:20:[m[K [01;35m[Kwarning: [m[Kunused variable ‘[01m[Klog_counter[m[K’ [[01;35m[K]8;;https://gcc.gnu.org/onlinedocs/gcc/Warning-Options.html#index-Wunused-variable-Wunused-variable]8;;[m[K]
  154 |         static int [01;35m[Klog_counter[m[K = 0;
      |                    [01;35m[K^~~~~~~~~~~[m[K
[01m[K/home/airlab/ros2_ws/src/stanley_controller/src/stanley_controller_node.cpp:[m[K In member function ‘[01m[Kdouble StanleyController::[01;32m[Kcalculate_velocity[m[K(double)[m[K’:
[01m[K/home/airlab/ros2_ws/src/stanley_controller/src/stanley_controller_node.cpp:272:38:[m[K [01;35m[Kwarning: [m[Kunused parameter ‘[01m[Kdist_to_goal[m[K’ [[01;35m[K]8;;https://gcc.gnu.org/onlinedocs/gcc/Warning-Options.html#index-Wunused-parameter-Wunused-parameter]8;;[m[K]
  272 |     double calculate_velocity([01;35m[Kdouble dist_to_goal[m[K)
      |                               [01;35m[K~~~~~~~^~~~~~~~~~~~[m[K
gmake[2]: *** [CMakeFiles/stanley_controller_node.dir/build.make:76: CMakeFiles/stanley_controller_node.dir/src/stanley_controller_node.cpp.o] Error 1
gmake[1]: *** [CMakeFiles/Makefile2:137: CMakeFiles/stanley_controller_node.dir/all] Error 2
gmake: *** [Makefile:146: all] Error 2
