/home/airlab/carla/carla_venv/lib/python3.12/site-packages/setuptools/_distutils/dist.py:289: UserWarning: Unknown distribution option: 'tests_require'
  warnings.warn(msg)
running egg_info
creating ../build/carla_path_visualizer/carla_path_visualizer.egg-info
writing ../build/carla_path_visualizer/carla_path_visualizer.egg-info/PKG-INFO
writing dependency_links to ../build/carla_path_visualizer/carla_path_visualizer.egg-info/dependency_links.txt
writing entry points to ../build/carla_path_visualizer/carla_path_visualizer.egg-info/entry_points.txt
writing requirements to ../build/carla_path_visualizer/carla_path_visualizer.egg-info/requires.txt
writing top-level names to ../build/carla_path_visualizer/carla_path_visualizer.egg-info/top_level.txt
writing manifest file '../build/carla_path_visualizer/carla_path_visualizer.egg-info/SOURCES.txt'
reading manifest file '../build/carla_path_visualizer/carla_path_visualizer.egg-info/SOURCES.txt'
writing manifest file '../build/carla_path_visualizer/carla_path_visualizer.egg-info/SOURCES.txt'
running build
running build_py
creating /home/airlab/ros2_ws/src/build/carla_path_visualizer/build/lib/carla_path_visualizer
copying carla_path_visualizer/__init__.py -> /home/airlab/ros2_ws/src/build/carla_path_visualizer/build/lib/carla_path_visualizer
copying carla_path_visualizer/path_visualizer_node.py -> /home/airlab/ros2_ws/src/build/carla_path_visualizer/build/lib/carla_path_visualizer
running install
running install_lib
creating /home/airlab/ros2_ws/src/install/carla_path_visualizer/lib/python3.12/site-packages/carla_path_visualizer
copying /home/airlab/ros2_ws/src/build/carla_path_visualizer/build/lib/carla_path_visualizer/__init__.py -> /home/airlab/ros2_ws/src/install/carla_path_visualizer/lib/python3.12/site-packages/carla_path_visualizer
copying /home/airlab/ros2_ws/src/build/carla_path_visualizer/build/lib/carla_path_visualizer/path_visualizer_node.py -> /home/airlab/ros2_ws/src/install/carla_path_visualizer/lib/python3.12/site-packages/carla_path_visualizer
byte-compiling /home/airlab/ros2_ws/src/install/carla_path_visualizer/lib/python3.12/site-packages/carla_path_visualizer/__init__.py to __init__.cpython-312.pyc
byte-compiling /home/airlab/ros2_ws/src/install/carla_path_visualizer/lib/python3.12/site-packages/carla_path_visualizer/path_visualizer_node.py to path_visualizer_node.cpython-312.pyc
running install_data
creating /home/airlab/ros2_ws/src/install/carla_path_visualizer/share/ament_index/resource_index/packages
copying resource/carla_path_visualizer -> /home/airlab/ros2_ws/src/install/carla_path_visualizer/share/ament_index/resource_index/packages
copying package.xml -> /home/airlab/ros2_ws/src/install/carla_path_visualizer/share/carla_path_visualizer
creating /home/airlab/ros2_ws/src/install/carla_path_visualizer/share/carla_path_visualizer/launch
copying launch/path_visualizer.launch.py -> /home/airlab/ros2_ws/src/install/carla_path_visualizer/share/carla_path_visualizer/launch
creating /home/airlab/ros2_ws/src/install/carla_path_visualizer/share/carla_path_visualizer/config
copying config/visualizer_params.yaml -> /home/airlab/ros2_ws/src/install/carla_path_visualizer/share/carla_path_visualizer/config
running install_egg_info
Copying ../build/carla_path_visualizer/carla_path_visualizer.egg-info to /home/airlab/ros2_ws/src/install/carla_path_visualizer/lib/python3.12/site-packages/carla_path_visualizer-1.0.0-py3.12.egg-info
running install_scripts
Installing path_visualizer script to /home/airlab/ros2_ws/src/install/carla_path_visualizer/lib/carla_path_visualizer
writing list of installed files to '/home/airlab/ros2_ws/src/build/carla_path_visualizer/install.log'
