[0.344s] Invoking command in '/home/airlab/ros2_ws/src/carla_path_visualizer': DEBUGINFOD_URLS=https://debuginfod.ubuntu.com PYTHONPATH=/home/airlab/ros2_ws/src/build/carla_path_visualizer/prefix_override:/usr/lib/python3/dist-packages/colcon_core/task/python/colcon_distutils_commands:/home/airlab/ros2_ws/src/install/carla_path_visualizer/lib/python3.12/site-packages:${PYTHONPATH} /usr/bin/python3 -W ignore:setup.py install is deprecated -W ignore:easy_install command is deprecated setup.py egg_info --egg-base ../build/carla_path_visualizer build --build-base /home/airlab/ros2_ws/src/build/carla_path_visualizer/build install --record /home/airlab/ros2_ws/src/build/carla_path_visualizer/install.log --single-version-externally-managed install_data
[0.424s] /home/airlab/carla/carla_venv/lib/python3.12/site-packages/setuptools/_distutils/dist.py:289: UserWarning: Unknown distribution option: 'tests_require'
[0.424s]   warnings.warn(msg)
[0.481s] running egg_info
[0.490s] creating ../build/carla_path_visualizer/carla_path_visualizer.egg-info
[0.490s] writing ../build/carla_path_visualizer/carla_path_visualizer.egg-info/PKG-INFO
[0.490s] writing dependency_links to ../build/carla_path_visualizer/carla_path_visualizer.egg-info/dependency_links.txt
[0.490s] writing entry points to ../build/carla_path_visualizer/carla_path_visualizer.egg-info/entry_points.txt
[0.490s] writing requirements to ../build/carla_path_visualizer/carla_path_visualizer.egg-info/requires.txt
[0.490s] writing top-level names to ../build/carla_path_visualizer/carla_path_visualizer.egg-info/top_level.txt
[0.490s] writing manifest file '../build/carla_path_visualizer/carla_path_visualizer.egg-info/SOURCES.txt'
[0.509s] reading manifest file '../build/carla_path_visualizer/carla_path_visualizer.egg-info/SOURCES.txt'
[0.510s] writing manifest file '../build/carla_path_visualizer/carla_path_visualizer.egg-info/SOURCES.txt'
[0.510s] running build
[0.510s] running build_py
[0.510s] creating /home/airlab/ros2_ws/src/build/carla_path_visualizer/build/lib/carla_path_visualizer
[0.510s] copying carla_path_visualizer/__init__.py -> /home/airlab/ros2_ws/src/build/carla_path_visualizer/build/lib/carla_path_visualizer
[0.510s] copying carla_path_visualizer/path_visualizer_node.py -> /home/airlab/ros2_ws/src/build/carla_path_visualizer/build/lib/carla_path_visualizer
[0.510s] running install
[0.512s] running install_lib
[0.522s] creating /home/airlab/ros2_ws/src/install/carla_path_visualizer/lib/python3.12/site-packages/carla_path_visualizer
[0.522s] copying /home/airlab/ros2_ws/src/build/carla_path_visualizer/build/lib/carla_path_visualizer/__init__.py -> /home/airlab/ros2_ws/src/install/carla_path_visualizer/lib/python3.12/site-packages/carla_path_visualizer
[0.522s] copying /home/airlab/ros2_ws/src/build/carla_path_visualizer/build/lib/carla_path_visualizer/path_visualizer_node.py -> /home/airlab/ros2_ws/src/install/carla_path_visualizer/lib/python3.12/site-packages/carla_path_visualizer
[0.522s] byte-compiling /home/airlab/ros2_ws/src/install/carla_path_visualizer/lib/python3.12/site-packages/carla_path_visualizer/__init__.py to __init__.cpython-312.pyc
[0.522s] byte-compiling /home/airlab/ros2_ws/src/install/carla_path_visualizer/lib/python3.12/site-packages/carla_path_visualizer/path_visualizer_node.py to path_visualizer_node.cpython-312.pyc
[0.524s] running install_data
[0.524s] creating /home/airlab/ros2_ws/src/install/carla_path_visualizer/share/ament_index/resource_index/packages
[0.524s] copying resource/carla_path_visualizer -> /home/airlab/ros2_ws/src/install/carla_path_visualizer/share/ament_index/resource_index/packages
[0.524s] copying package.xml -> /home/airlab/ros2_ws/src/install/carla_path_visualizer/share/carla_path_visualizer
[0.524s] creating /home/airlab/ros2_ws/src/install/carla_path_visualizer/share/carla_path_visualizer/launch
[0.524s] copying launch/path_visualizer.launch.py -> /home/airlab/ros2_ws/src/install/carla_path_visualizer/share/carla_path_visualizer/launch
[0.524s] creating /home/airlab/ros2_ws/src/install/carla_path_visualizer/share/carla_path_visualizer/config
[0.524s] copying config/visualizer_params.yaml -> /home/airlab/ros2_ws/src/install/carla_path_visualizer/share/carla_path_visualizer/config
[0.524s] running install_egg_info
[0.534s] Copying ../build/carla_path_visualizer/carla_path_visualizer.egg-info to /home/airlab/ros2_ws/src/install/carla_path_visualizer/lib/python3.12/site-packages/carla_path_visualizer-1.0.0-py3.12.egg-info
[0.534s] running install_scripts
[0.554s] Installing path_visualizer script to /home/airlab/ros2_ws/src/install/carla_path_visualizer/lib/carla_path_visualizer
[0.554s] writing list of installed files to '/home/airlab/ros2_ws/src/build/carla_path_visualizer/install.log'
[0.563s] Invoked command in '/home/airlab/ros2_ws/src/carla_path_visualizer' returned '0': DEBUGINFOD_URLS=https://debuginfod.ubuntu.com PYTHONPATH=/home/airlab/ros2_ws/src/build/carla_path_visualizer/prefix_override:/usr/lib/python3/dist-packages/colcon_core/task/python/colcon_distutils_commands:/home/airlab/ros2_ws/src/install/carla_path_visualizer/lib/python3.12/site-packages:${PYTHONPATH} /usr/bin/python3 -W ignore:setup.py install is deprecated -W ignore:easy_install command is deprecated setup.py egg_info --egg-base ../build/carla_path_visualizer build --build-base /home/airlab/ros2_ws/src/build/carla_path_visualizer/build install --record /home/airlab/ros2_ws/src/build/carla_path_visualizer/install.log --single-version-externally-managed install_data
