running egg_info
writing ../../build/carla_map_gen/carla_map_gen.egg-info/PKG-INFO
writing dependency_links to ../../build/carla_map_gen/carla_map_gen.egg-info/dependency_links.txt
writing entry points to ../../build/carla_map_gen/carla_map_gen.egg-info/entry_points.txt
writing requirements to ../../build/carla_map_gen/carla_map_gen.egg-info/requires.txt
writing top-level names to ../../build/carla_map_gen/carla_map_gen.egg-info/top_level.txt
reading manifest file '../../build/carla_map_gen/carla_map_gen.egg-info/SOURCES.txt'
writing manifest file '../../build/carla_map_gen/carla_map_gen.egg-info/SOURCES.txt'
running build
running build_py
copying carla_map_gen/__init__.py -> /home/airlab/ros2_ws/build/carla_map_gen/build/lib/carla_map_gen
copying carla_map_gen/map_node.py -> /home/airlab/ros2_ws/build/carla_map_gen/build/lib/carla_map_gen
running install
running install_lib
running install_data
copying resource/carla_map_gen -> /home/airlab/ros2_ws/install/carla_map_gen/share/ament_index/resource_index/packages
copying package.xml -> /home/airlab/ros2_ws/install/carla_map_gen/share/carla_map_gen
running install_egg_info
removing '/home/airlab/ros2_ws/install/carla_map_gen/lib/python3.12/site-packages/carla_map_gen-0.0.0-py3.12.egg-info' (and everything under it)
Copying ../../build/carla_map_gen/carla_map_gen.egg-info to /home/airlab/ros2_ws/install/carla_map_gen/lib/python3.12/site-packages/carla_map_gen-0.0.0-py3.12.egg-info
running install_scripts
Installing map_node script to /home/airlab/ros2_ws/install/carla_map_gen/lib/carla_map_gen
writing list of installed files to '/home/airlab/ros2_ws/build/carla_map_gen/install.log'
