[0.416s] Invoking command in '/home/airlab/ros2_ws/src/carla_state_publisher': DEBUGINFOD_URLS=https://debuginfod.ubuntu.com PYTHONPATH=/home/airlab/ros2_ws/build/carla_state_publisher/prefix_override:/usr/lib/python3/dist-packages/colcon_core/task/python/colcon_distutils_commands:/home/airlab/ros2_ws/install/carla_state_publisher/lib/python3.12/site-packages:${PYTHONPATH} /usr/bin/python3 -W ignore:setup.py install is deprecated -W ignore:easy_install command is deprecated setup.py egg_info --egg-base ../../build/carla_state_publisher build --build-base /home/airlab/ros2_ws/build/carla_state_publisher/build install --record /home/airlab/ros2_ws/build/carla_state_publisher/install.log --single-version-externally-managed install_data
[0.590s] running egg_info
[0.600s] creating ../../build/carla_state_publisher/carla_state_publisher.egg-info
[0.601s] writing ../../build/carla_state_publisher/carla_state_publisher.egg-info/PKG-INFO
[0.601s] writing dependency_links to ../../build/carla_state_publisher/carla_state_publisher.egg-info/dependency_links.txt
[0.601s] writing entry points to ../../build/carla_state_publisher/carla_state_publisher.egg-info/entry_points.txt
[0.601s] writing requirements to ../../build/carla_state_publisher/carla_state_publisher.egg-info/requires.txt
[0.601s] writing top-level names to ../../build/carla_state_publisher/carla_state_publisher.egg-info/top_level.txt
[0.601s] writing manifest file '../../build/carla_state_publisher/carla_state_publisher.egg-info/SOURCES.txt'
[0.628s] reading manifest file '../../build/carla_state_publisher/carla_state_publisher.egg-info/SOURCES.txt'
[0.628s] writing manifest file '../../build/carla_state_publisher/carla_state_publisher.egg-info/SOURCES.txt'
[0.628s] running build
[0.628s] running build_py
[0.628s] creating /home/airlab/ros2_ws/build/carla_state_publisher/build/lib/carla_state_publisher
[0.628s] copying carla_state_publisher/__init__.py -> /home/airlab/ros2_ws/build/carla_state_publisher/build/lib/carla_state_publisher
[0.628s] copying carla_state_publisher/publisher_node.py -> /home/airlab/ros2_ws/build/carla_state_publisher/build/lib/carla_state_publisher
[0.629s] running install
[0.630s] running install_lib
[0.641s] creating /home/airlab/ros2_ws/install/carla_state_publisher/lib/python3.12/site-packages/carla_state_publisher
[0.641s] copying /home/airlab/ros2_ws/build/carla_state_publisher/build/lib/carla_state_publisher/__init__.py -> /home/airlab/ros2_ws/install/carla_state_publisher/lib/python3.12/site-packages/carla_state_publisher
[0.641s] copying /home/airlab/ros2_ws/build/carla_state_publisher/build/lib/carla_state_publisher/publisher_node.py -> /home/airlab/ros2_ws/install/carla_state_publisher/lib/python3.12/site-packages/carla_state_publisher
[0.641s] byte-compiling /home/airlab/ros2_ws/install/carla_state_publisher/lib/python3.12/site-packages/carla_state_publisher/__init__.py to __init__.cpython-312.pyc
[0.641s] byte-compiling /home/airlab/ros2_ws/install/carla_state_publisher/lib/python3.12/site-packages/carla_state_publisher/publisher_node.py to publisher_node.cpython-312.pyc
[0.642s] running install_data
[0.642s] creating /home/airlab/ros2_ws/install/carla_state_publisher/share/ament_index/resource_index/packages
[0.642s] copying resource/carla_state_publisher -> /home/airlab/ros2_ws/install/carla_state_publisher/share/ament_index/resource_index/packages
[0.643s] copying package.xml -> /home/airlab/ros2_ws/install/carla_state_publisher/share/carla_state_publisher
[0.643s] running install_egg_info
[0.655s] Copying ../../build/carla_state_publisher/carla_state_publisher.egg-info to /home/airlab/ros2_ws/install/carla_state_publisher/lib/python3.12/site-packages/carla_state_publisher-0.0.0-py3.12.egg-info
[0.655s] running install_scripts
[0.680s] Installing publisher_node script to /home/airlab/ros2_ws/install/carla_state_publisher/lib/carla_state_publisher
[0.680s] writing list of installed files to '/home/airlab/ros2_ws/build/carla_state_publisher/install.log'
[0.692s] Invoked command in '/home/airlab/ros2_ws/src/carla_state_publisher' returned '0': DEBUGINFOD_URLS=https://debuginfod.ubuntu.com PYTHONPATH=/home/airlab/ros2_ws/build/carla_state_publisher/prefix_override:/usr/lib/python3/dist-packages/colcon_core/task/python/colcon_distutils_commands:/home/airlab/ros2_ws/install/carla_state_publisher/lib/python3.12/site-packages:${PYTHONPATH} /usr/bin/python3 -W ignore:setup.py install is deprecated -W ignore:easy_install command is deprecated setup.py egg_info --egg-base ../../build/carla_state_publisher build --build-base /home/airlab/ros2_ws/build/carla_state_publisher/build install --record /home/airlab/ros2_ws/build/carla_state_publisher/install.log --single-version-externally-managed install_data
