[0.502s] Invoking command in '/home/airlab/ros2_ws/build/camera': CMAKE_PREFIX_PATH=${CMAKE_PREFIX_PATH}:/home/airlab/ros2_ws/install/carla_lidar_saver:/opt/ros/jazzy DEBUGINFOD_URLS=https://debuginfod.ubuntu.com /usr/bin/cmake /home/airlab/ros2_ws/src/camera -DAMENT_CMAKE_SYMLINK_INSTALL=1 -DCMAKE_INSTALL_PREFIX=/home/airlab/ros2_ws/install/camera
[0.901s] -- The C compiler identification is GNU 13.3.0
[0.901s] -- The CXX compiler identification is GNU 13.3.0
[0.901s] -- Detecting C compiler ABI info
[0.901s] -- Detecting C compiler ABI info - done
[0.901s] -- Check for working C compiler: /usr/bin/cc - skipped
[0.901s] -- Detecting C compile features
[0.901s] -- Detecting C compile features - done
[0.901s] -- Detecting CXX compiler ABI info
[0.902s] -- Detecting CXX compiler ABI info - done
[0.902s] -- Check for working CXX compiler: /usr/bin/c++ - skipped
[0.902s] -- Detecting CXX compile features
[0.902s] -- Detecting CXX compile features - done
[0.902s] -- Found ament_cmake: 2.5.4 (/opt/ros/jazzy/share/ament_cmake/cmake)
[0.902s] -- Found Python3: /usr/bin/python3 (found version "3.12.3") found components: Interpreter 
[0.902s] -- Override CMake install command with custom implementation using symlinks instead of copying resources
[0.902s] -- Found rclcpp: 28.1.13 (/opt/ros/jazzy/share/rclcpp/cmake)
[0.908s] -- Found rosidl_generator_c: 4.6.6 (/opt/ros/jazzy/share/rosidl_generator_c/cmake)
[0.915s] -- Found rosidl_generator_cpp: 4.6.6 (/opt/ros/jazzy/share/rosidl_generator_cpp/cmake)
[0.922s] -- Using all available rosidl_typesupport_c: rosidl_typesupport_fastrtps_c;rosidl_typesupport_introspection_c
[0.932s] -- Using all available rosidl_typesupport_cpp: rosidl_typesupport_fastrtps_cpp;rosidl_typesupport_introspection_cpp
[0.984s] -- Found rmw_implementation_cmake: 7.3.2 (/opt/ros/jazzy/share/rmw_implementation_cmake/cmake)
[0.986s] -- Found rmw_fastrtps_cpp: 8.4.3 (/opt/ros/jazzy/share/rmw_fastrtps_cpp/cmake)
[1.051s] -- Found OpenSSL: /usr/lib/x86_64-linux-gnu/libcrypto.so (found version "3.0.13")  
[1.069s] -- Found FastRTPS: /opt/ros/jazzy/include (Required is at least version "2.13") 
[1.087s] -- Using RMW implementation 'rmw_fastrtps_cpp' as default
[1.154s] -- Found sensor_msgs: 5.3.6 (/opt/ros/jazzy/share/sensor_msgs/cmake)
[1.196s] -- Found cv_bridge: 4.1.0 (/opt/ros/jazzy/share/cv_bridge/cmake)
[1.208s] -- Found OpenCV: /usr (found version "4.6.0") 
[1.268s] -- Configuring done (0.8s)
[1.275s] -- Generating done (0.0s)
[1.277s] -- Build files have been written to: /home/airlab/ros2_ws/build/camera
[1.283s] Invoked command in '/home/airlab/ros2_ws/build/camera' returned '0': CMAKE_PREFIX_PATH=${CMAKE_PREFIX_PATH}:/home/airlab/ros2_ws/install/carla_lidar_saver:/opt/ros/jazzy DEBUGINFOD_URLS=https://debuginfod.ubuntu.com /usr/bin/cmake /home/airlab/ros2_ws/src/camera -DAMENT_CMAKE_SYMLINK_INSTALL=1 -DCMAKE_INSTALL_PREFIX=/home/airlab/ros2_ws/install/camera
[1.284s] Invoking command in '/home/airlab/ros2_ws/build/camera': CMAKE_PREFIX_PATH=${CMAKE_PREFIX_PATH}:/home/airlab/ros2_ws/install/carla_lidar_saver:/opt/ros/jazzy DEBUGINFOD_URLS=https://debuginfod.ubuntu.com /usr/bin/cmake --build /home/airlab/ros2_ws/build/camera -- -j32 -l32
[1.320s] [ 50%] [32mBuilding CXX object CMakeFiles/camera.dir/src/sub.cpp.o[0m
[6.413s] [100%] [32m[1mLinking CXX executable camera[0m
[6.833s] [100%] Built target camera
