[0.010s] Invoking command in '/home/airlab/ros2_ws/build/twist_to_carla_control': AMENT_PREFIX_PATH=/home/airlab/ros2_ws/install/carla_msgs:${AMENT_PREFIX_PATH} CMAKE_PREFIX_PATH=/home/airlab/ros2_ws/install/carla_msgs:/home/airlab/ros2_ws/install/dynamixel_workbench_operators:/home/airlab/ros2_ws/install/dynamixel_sdk:/opt/ros/jazzy/opt/gz_math_vendor:/opt/ros/jazzy/opt/gz_utils_vendor:/opt/ros/jazzy/opt/gz_cmake_vendor:/opt/ros/jazzy DEBUGINFOD_URLS=https://debuginfod.ubuntu.com LD_LIBRARY_PATH=/home/airlab/ros2_ws/install/carla_msgs/lib:${LD_LIBRARY_PATH} PYTHONPATH=/home/airlab/ros2_ws/install/carla_msgs/lib/python3.12/site-packages:${PYTHONPATH} /usr/bin/cmake /home/airlab/ros2_ws/src/twist_to_carla_control -DCMAKE_INSTALL_PREFIX=/home/airlab/ros2_ws/install/twist_to_carla_control
[0.042s] -- The C compiler identification is GNU 13.3.0
[0.081s] -- The CXX compiler identification is GNU 13.3.0
[0.094s] -- Detecting C compiler ABI info
[0.162s] -- Detecting C compiler ABI info - done
[0.169s] -- Check for working C compiler: /usr/bin/cc - skipped
[0.169s] -- Detecting C compile features
[0.169s] -- Detecting C compile features - done
[0.175s] -- Detecting CXX compiler ABI info
[0.262s] -- Detecting CXX compiler ABI info - done
[0.266s] -- Check for working CXX compiler: /usr/bin/c++ - skipped
[0.266s] -- Detecting CXX compile features
[0.267s] -- Detecting CXX compile features - done
[0.268s] -- Found ament_cmake: 2.5.4 (/opt/ros/jazzy/share/ament_cmake/cmake)
[0.358s] -- Found Python3: /usr/bin/python3 (found version "3.12.3") found components: Interpreter 
[0.416s] -- Found rclcpp: 28.1.13 (/opt/ros/jazzy/share/rclcpp/cmake)
[0.435s] -- Found rosidl_generator_c: 4.6.6 (/opt/ros/jazzy/share/rosidl_generator_c/cmake)
[0.444s] -- Found rosidl_generator_cpp: 4.6.6 (/opt/ros/jazzy/share/rosidl_generator_cpp/cmake)
[0.451s] -- Using all available rosidl_typesupport_c: rosidl_typesupport_fastrtps_c;rosidl_typesupport_introspection_c
[0.460s] -- Using all available rosidl_typesupport_cpp: rosidl_typesupport_fastrtps_cpp;rosidl_typesupport_introspection_cpp
[0.509s] -- Found rmw_implementation_cmake: 7.3.2 (/opt/ros/jazzy/share/rmw_implementation_cmake/cmake)
[0.511s] -- Found rmw_fastrtps_cpp: 8.4.3 (/opt/ros/jazzy/share/rmw_fastrtps_cpp/cmake)
[0.562s] -- Found OpenSSL: /usr/lib/x86_64-linux-gnu/libcrypto.so (found version "3.0.13")  
[0.572s] -- Found FastRTPS: /opt/ros/jazzy/include (Required is at least version "2.13") 
[0.587s] -- Using RMW implementation 'rmw_fastrtps_cpp' as default
[0.629s] -- Found geometry_msgs: 5.3.6 (/opt/ros/jazzy/share/geometry_msgs/cmake)
[0.649s] -- Found carla_msgs: 1.3.0 (/home/airlab/ros2_ws/install/carla_msgs/share/carla_msgs/cmake)
[0.687s] -- Found ament_lint_auto: 0.17.3 (/opt/ros/jazzy/share/ament_lint_auto/cmake)
[0.776s] -- Added test 'copyright' to check source files copyright and LICENSE
[0.777s] -- Added test 'cppcheck' to perform static code analysis on C / C++ code
[0.777s] -- Configured cppcheck include dirs: 
[0.777s] -- Configured cppcheck exclude dirs and/or files: 
[0.778s] -- Added test 'cpplint' to check C / C++ code against the Google style
[0.778s] -- Configured cpplint exclude dirs and/or files: 
[0.778s] -- Added test 'flake8' to check Python code syntax and style conventions
[0.778s] -- Configured 'flake8' exclude dirs and/or files: 
[0.779s] -- Added test 'lint_cmake' to check CMake code style
[0.779s] -- Added test 'pep257' to check Python code against some of the docstring style conventions in PEP 257
[0.780s] -- Added test 'uncrustify' to check C / C++ code style
[0.780s] -- Configured uncrustify additional arguments: 
[0.780s] -- Added test 'xmllint' to check XML markup files
[0.781s] -- Configuring done (0.8s)
[0.788s] -- Generating done (0.0s)
[0.789s] -- Build files have been written to: /home/airlab/ros2_ws/build/twist_to_carla_control
[0.796s] Invoked command in '/home/airlab/ros2_ws/build/twist_to_carla_control' returned '0': AMENT_PREFIX_PATH=/home/airlab/ros2_ws/install/carla_msgs:${AMENT_PREFIX_PATH} CMAKE_PREFIX_PATH=/home/airlab/ros2_ws/install/carla_msgs:/home/airlab/ros2_ws/install/dynamixel_workbench_operators:/home/airlab/ros2_ws/install/dynamixel_sdk:/opt/ros/jazzy/opt/gz_math_vendor:/opt/ros/jazzy/opt/gz_utils_vendor:/opt/ros/jazzy/opt/gz_cmake_vendor:/opt/ros/jazzy DEBUGINFOD_URLS=https://debuginfod.ubuntu.com LD_LIBRARY_PATH=/home/airlab/ros2_ws/install/carla_msgs/lib:${LD_LIBRARY_PATH} PYTHONPATH=/home/airlab/ros2_ws/install/carla_msgs/lib/python3.12/site-packages:${PYTHONPATH} /usr/bin/cmake /home/airlab/ros2_ws/src/twist_to_carla_control -DCMAKE_INSTALL_PREFIX=/home/airlab/ros2_ws/install/twist_to_carla_control
[0.796s] Invoking command in '/home/airlab/ros2_ws/build/twist_to_carla_control': AMENT_PREFIX_PATH=/home/airlab/ros2_ws/install/carla_msgs:${AMENT_PREFIX_PATH} CMAKE_PREFIX_PATH=/home/airlab/ros2_ws/install/carla_msgs:/home/airlab/ros2_ws/install/dynamixel_workbench_operators:/home/airlab/ros2_ws/install/dynamixel_sdk:/opt/ros/jazzy/opt/gz_math_vendor:/opt/ros/jazzy/opt/gz_utils_vendor:/opt/ros/jazzy/opt/gz_cmake_vendor:/opt/ros/jazzy DEBUGINFOD_URLS=https://debuginfod.ubuntu.com LD_LIBRARY_PATH=/home/airlab/ros2_ws/install/carla_msgs/lib:${LD_LIBRARY_PATH} PYTHONPATH=/home/airlab/ros2_ws/install/carla_msgs/lib/python3.12/site-packages:${PYTHONPATH} /usr/bin/cmake --build /home/airlab/ros2_ws/build/twist_to_carla_control -- -j32 -l32
[0.829s] [ 50%] [32mBuilding CXX object CMakeFiles/twist_to_carla_control_node.dir/src/twist_to_carla_control.cpp.o[0m
[4.793s] [100%] [32m[1mLinking CXX executable twist_to_carla_control_node[0m
[4.952s] [100%] Built target twist_to_carla_control_node
[4.961s] Invoked command in '/home/airlab/ros2_ws/build/twist_to_carla_control' returned '0': AMENT_PREFIX_PATH=/home/airlab/ros2_ws/install/carla_msgs:${AMENT_PREFIX_PATH} CMAKE_PREFIX_PATH=/home/airlab/ros2_ws/install/carla_msgs:/home/airlab/ros2_ws/install/dynamixel_workbench_operators:/home/airlab/ros2_ws/install/dynamixel_sdk:/opt/ros/jazzy/opt/gz_math_vendor:/opt/ros/jazzy/opt/gz_utils_vendor:/opt/ros/jazzy/opt/gz_cmake_vendor:/opt/ros/jazzy DEBUGINFOD_URLS=https://debuginfod.ubuntu.com LD_LIBRARY_PATH=/home/airlab/ros2_ws/install/carla_msgs/lib:${LD_LIBRARY_PATH} PYTHONPATH=/home/airlab/ros2_ws/install/carla_msgs/lib/python3.12/site-packages:${PYTHONPATH} /usr/bin/cmake --build /home/airlab/ros2_ws/build/twist_to_carla_control -- -j32 -l32
[4.962s] Invoking command in '/home/airlab/ros2_ws/build/twist_to_carla_control': AMENT_PREFIX_PATH=/home/airlab/ros2_ws/install/carla_msgs:${AMENT_PREFIX_PATH} CMAKE_PREFIX_PATH=/home/airlab/ros2_ws/install/carla_msgs:/home/airlab/ros2_ws/install/dynamixel_workbench_operators:/home/airlab/ros2_ws/install/dynamixel_sdk:/opt/ros/jazzy/opt/gz_math_vendor:/opt/ros/jazzy/opt/gz_utils_vendor:/opt/ros/jazzy/opt/gz_cmake_vendor:/opt/ros/jazzy DEBUGINFOD_URLS=https://debuginfod.ubuntu.com LD_LIBRARY_PATH=/home/airlab/ros2_ws/install/carla_msgs/lib:${LD_LIBRARY_PATH} PYTHONPATH=/home/airlab/ros2_ws/install/carla_msgs/lib/python3.12/site-packages:${PYTHONPATH} /usr/bin/cmake --install /home/airlab/ros2_ws/build/twist_to_carla_control
[4.965s] -- Install configuration: ""
[4.965s] -- Installing: /home/airlab/ros2_ws/install/twist_to_carla_control/lib/twist_to_carla_control/twist_to_carla_control_node
[4.968s] -- Set non-toolchain portion of runtime path of "/home/airlab/ros2_ws/install/twist_to_carla_control/lib/twist_to_carla_control/twist_to_carla_control_node" to ""
[4.968s] -- Installing: /home/airlab/ros2_ws/install/twist_to_carla_control/share/twist_to_carla_control/launch
[4.968s] -- Installing: /home/airlab/ros2_ws/install/twist_to_carla_control/share/twist_to_carla_control/launch/twist_to_carla.launch.py
[4.968s] -- Installing: /home/airlab/ros2_ws/install/twist_to_carla_control/share/ament_index/resource_index/package_run_dependencies/twist_to_carla_control
[4.968s] -- Installing: /home/airlab/ros2_ws/install/twist_to_carla_control/share/ament_index/resource_index/parent_prefix_path/twist_to_carla_control
[4.968s] -- Installing: /home/airlab/ros2_ws/install/twist_to_carla_control/share/twist_to_carla_control/environment/ament_prefix_path.sh
[4.968s] -- Installing: /home/airlab/ros2_ws/install/twist_to_carla_control/share/twist_to_carla_control/environment/ament_prefix_path.dsv
[4.968s] -- Installing: /home/airlab/ros2_ws/install/twist_to_carla_control/share/twist_to_carla_control/environment/path.sh
[4.968s] -- Installing: /home/airlab/ros2_ws/install/twist_to_carla_control/share/twist_to_carla_control/environment/path.dsv
[4.968s] -- Installing: /home/airlab/ros2_ws/install/twist_to_carla_control/share/twist_to_carla_control/local_setup.bash
[4.968s] -- Installing: /home/airlab/ros2_ws/install/twist_to_carla_control/share/twist_to_carla_control/local_setup.sh
[4.968s] -- Installing: /home/airlab/ros2_ws/install/twist_to_carla_control/share/twist_to_carla_control/local_setup.zsh
[4.968s] -- Installing: /home/airlab/ros2_ws/install/twist_to_carla_control/share/twist_to_carla_control/local_setup.dsv
[4.968s] -- Installing: /home/airlab/ros2_ws/install/twist_to_carla_control/share/twist_to_carla_control/package.dsv
[4.968s] -- Installing: /home/airlab/ros2_ws/install/twist_to_carla_control/share/ament_index/resource_index/packages/twist_to_carla_control
[4.968s] -- Installing: /home/airlab/ros2_ws/install/twist_to_carla_control/share/twist_to_carla_control/cmake/twist_to_carla_controlConfig.cmake
[4.968s] -- Installing: /home/airlab/ros2_ws/install/twist_to_carla_control/share/twist_to_carla_control/cmake/twist_to_carla_controlConfig-version.cmake
[4.968s] -- Installing: /home/airlab/ros2_ws/install/twist_to_carla_control/share/twist_to_carla_control/package.xml
[4.969s] Invoked command in '/home/airlab/ros2_ws/build/twist_to_carla_control' returned '0': AMENT_PREFIX_PATH=/home/airlab/ros2_ws/install/carla_msgs:${AMENT_PREFIX_PATH} CMAKE_PREFIX_PATH=/home/airlab/ros2_ws/install/carla_msgs:/home/airlab/ros2_ws/install/dynamixel_workbench_operators:/home/airlab/ros2_ws/install/dynamixel_sdk:/opt/ros/jazzy/opt/gz_math_vendor:/opt/ros/jazzy/opt/gz_utils_vendor:/opt/ros/jazzy/opt/gz_cmake_vendor:/opt/ros/jazzy DEBUGINFOD_URLS=https://debuginfod.ubuntu.com LD_LIBRARY_PATH=/home/airlab/ros2_ws/install/carla_msgs/lib:${LD_LIBRARY_PATH} PYTHONPATH=/home/airlab/ros2_ws/install/carla_msgs/lib/python3.12/site-packages:${PYTHONPATH} /usr/bin/cmake --install /home/airlab/ros2_ws/build/twist_to_carla_control
