[0.000000] (-) TimerEvent: {}
[0.000365] (-) JobUnselected: {'identifier': 'camera'}
[0.000433] (-) JobUnselected: {'identifier': 'carla_ackermann_control'}
[0.000451] (-) JobUnselected: {'identifier': 'carla_ackermann_msgs'}
[0.000473] (-) JobUnselected: {'identifier': 'carla_ad_agent'}
[0.000487] (-) JobUnselected: {'identifier': 'carla_ad_demo'}
[0.000500] (-) JobUnselected: {'identifier': 'carla_common'}
[0.000631] (-) JobUnselected: {'identifier': 'carla_lidar_saver'}
[0.000649] (-) JobUnselected: {'identifier': 'carla_manual_control'}
[0.000726] (-) JobUnselected: {'identifier': 'carla_msgs'}
[0.000828] (-) JobUnselected: {'identifier': 'carla_ros_bridge'}
[0.000860] (-) JobUnselected: {'identifier': 'carla_ros_scenario_runner'}
[0.000901] (-) JobUnselected: {'identifier': 'carla_ros_scenario_runner_types'}
[0.000920] (-) JobUnselected: {'identifier': 'carla_spawn_objects'}
[0.000957] (-) JobUnselected: {'identifier': 'carla_twist_launch'}
[0.000969] (-) JobUnselected: {'identifier': 'carla_twist_to_control'}
[0.000980] (-) JobUnselected: {'identifier': 'carla_walker_agent'}
[0.000992] (-) JobUnselected: {'identifier': 'carla_waypoint_publisher'}
[0.001002] (-) JobUnselected: {'identifier': 'carla_waypoint_types'}
[0.001014] (-) JobUnselected: {'identifier': 'dynamixel_sdk'}
[0.001029] (-) JobUnselected: {'identifier': 'dynamixel_sdk_custom_interfaces'}
[0.001042] (-) JobUnselected: {'identifier': 'dynamixel_sdk_examples'}
[0.001053] (-) JobUnselected: {'identifier': 'dynamixel_workbench_msgs'}
[0.001064] (-) JobUnselected: {'identifier': 'lidar_cv_visualizer'}
[0.001075] (-) JobUnselected: {'identifier': 'open3d_ros2_node'}
[0.001087] (-) JobUnselected: {'identifier': 'pcl_recorder'}
[0.001097] (-) JobUnselected: {'identifier': 'ros_compatibility'}
[0.001109] (-) JobUnselected: {'identifier': 'rqt_carla_control'}
[0.001120] (-) JobUnselected: {'identifier': 'rviz_carla_plugin'}
[0.001131] (-) JobUnselected: {'identifier': 'twist_carla_direct_control'}
[0.001141] (-) JobUnselected: {'identifier': 'twist_to_carla_control'}
[0.001154] (dynamixel_workbench_operators) JobQueued: {'identifier': 'dynamixel_workbench_operators', 'dependencies': OrderedDict({'dynamixel_sdk': '/home/airlab/ros2_ws/install/dynamixel_sdk'})}
[0.001173] (dynamixel_workbench_operators) JobStarted: {'identifier': 'dynamixel_workbench_operators'}
[0.005515] (dynamixel_workbench_operators) JobEnded: {'identifier': 'dynamixel_workbench_operators', 'rc': 1}
[0.015716] (-) EventReactorShutdown: {}
