[0.426s] Invoking command in '/home/airlab/ros2_ws/src/carla_map_gen': DEBUGINFOD_URLS=https://debuginfod.ubuntu.com PYTHONPATH=/home/airlab/ros2_ws/build/carla_map_gen/prefix_override:/usr/lib/python3/dist-packages/colcon_core/task/python/colcon_distutils_commands:/home/airlab/ros2_ws/install/carla_map_gen/lib/python3.12/site-packages:${PYTHONPATH} /usr/bin/python3 -W ignore:setup.py install is deprecated -W ignore:easy_install command is deprecated setup.py egg_info --egg-base ../../build/carla_map_gen build --build-base /home/airlab/ros2_ws/build/carla_map_gen/build install --record /home/airlab/ros2_ws/build/carla_map_gen/install.log --single-version-externally-managed install_data
[0.587s] running egg_info
[0.598s] creating ../../build/carla_map_gen/carla_map_gen.egg-info
[0.599s] writing ../../build/carla_map_gen/carla_map_gen.egg-info/PKG-INFO
[0.599s] writing dependency_links to ../../build/carla_map_gen/carla_map_gen.egg-info/dependency_links.txt
[0.599s] writing entry points to ../../build/carla_map_gen/carla_map_gen.egg-info/entry_points.txt
[0.599s] writing requirements to ../../build/carla_map_gen/carla_map_gen.egg-info/requires.txt
[0.599s] writing top-level names to ../../build/carla_map_gen/carla_map_gen.egg-info/top_level.txt
[0.599s] writing manifest file '../../build/carla_map_gen/carla_map_gen.egg-info/SOURCES.txt'
[0.622s] reading manifest file '../../build/carla_map_gen/carla_map_gen.egg-info/SOURCES.txt'
[0.622s] writing manifest file '../../build/carla_map_gen/carla_map_gen.egg-info/SOURCES.txt'
[0.622s] running build
[0.622s] running build_py
[0.623s] creating /home/airlab/ros2_ws/build/carla_map_gen/build/lib/carla_map_gen
[0.623s] copying carla_map_gen/__init__.py -> /home/airlab/ros2_ws/build/carla_map_gen/build/lib/carla_map_gen
[0.623s] copying carla_map_gen/map_node.py -> /home/airlab/ros2_ws/build/carla_map_gen/build/lib/carla_map_gen
[0.623s] running install
[0.625s] running install_lib
[0.638s] creating /home/airlab/ros2_ws/install/carla_map_gen/lib/python3.12/site-packages/carla_map_gen
[0.638s] copying /home/airlab/ros2_ws/build/carla_map_gen/build/lib/carla_map_gen/__init__.py -> /home/airlab/ros2_ws/install/carla_map_gen/lib/python3.12/site-packages/carla_map_gen
[0.638s] copying /home/airlab/ros2_ws/build/carla_map_gen/build/lib/carla_map_gen/map_node.py -> /home/airlab/ros2_ws/install/carla_map_gen/lib/python3.12/site-packages/carla_map_gen
[0.638s] byte-compiling /home/airlab/ros2_ws/install/carla_map_gen/lib/python3.12/site-packages/carla_map_gen/__init__.py to __init__.cpython-312.pyc
[0.638s] byte-compiling /home/airlab/ros2_ws/install/carla_map_gen/lib/python3.12/site-packages/carla_map_gen/map_node.py to map_node.cpython-312.pyc
[0.639s] running install_data
[0.639s] creating /home/airlab/ros2_ws/install/carla_map_gen/share/ament_index/resource_index/packages
[0.639s] copying resource/carla_map_gen -> /home/airlab/ros2_ws/install/carla_map_gen/share/ament_index/resource_index/packages
[0.639s] copying package.xml -> /home/airlab/ros2_ws/install/carla_map_gen/share/carla_map_gen
[0.639s] running install_egg_info
[0.650s] Copying ../../build/carla_map_gen/carla_map_gen.egg-info to /home/airlab/ros2_ws/install/carla_map_gen/lib/python3.12/site-packages/carla_map_gen-0.0.0-py3.12.egg-info
[0.650s] running install_scripts
[0.674s] Installing map_node script to /home/airlab/ros2_ws/install/carla_map_gen/lib/carla_map_gen
[0.674s] writing list of installed files to '/home/airlab/ros2_ws/build/carla_map_gen/install.log'
[0.689s] Invoked command in '/home/airlab/ros2_ws/src/carla_map_gen' returned '0': DEBUGINFOD_URLS=https://debuginfod.ubuntu.com PYTHONPATH=/home/airlab/ros2_ws/build/carla_map_gen/prefix_override:/usr/lib/python3/dist-packages/colcon_core/task/python/colcon_distutils_commands:/home/airlab/ros2_ws/install/carla_map_gen/lib/python3.12/site-packages:${PYTHONPATH} /usr/bin/python3 -W ignore:setup.py install is deprecated -W ignore:easy_install command is deprecated setup.py egg_info --egg-base ../../build/carla_map_gen build --build-base /home/airlab/ros2_ws/build/carla_map_gen/build install --record /home/airlab/ros2_ws/build/carla_map_gen/install.log --single-version-externally-managed install_data
