[0.613s] Invoking command in '/home/airlab/ros2_ws/build/lidar_cv_visualizer': CMAKE_PREFIX_PATH=${CMAKE_PREFIX_PATH}:/home/airlab/ros2_ws/install/carla_lidar_saver:/opt/ros/jazzy DEBUGINFOD_URLS=https://debuginfod.ubuntu.com /usr/bin/cmake /home/airlab/ros2_ws/src/lidar_cv_visualizer -DAMENT_CMAKE_SYMLINK_INSTALL=1 -DCMAKE_INSTALL_PREFIX=/home/airlab/ros2_ws/install/lidar_cv_visualizer
[0.898s] -- The C compiler identification is GNU 13.3.0
[0.898s] -- The CXX compiler identification is GNU 13.3.0
[0.898s] -- Detecting C compiler ABI info
[0.898s] -- Detecting C compiler ABI info - done
[0.898s] -- Check for working C compiler: /usr/bin/cc - skipped
[0.898s] -- Detecting C compile features
[0.898s] -- Detecting C compile features - done
[0.898s] -- Detecting CXX compiler ABI info
[0.898s] -- Detecting CXX compiler ABI info - done
[0.898s] -- Check for working CXX compiler: /usr/bin/c++ - skipped
[0.898s] -- Detecting CXX compile features
[0.898s] -- Detecting CXX compile features - done
[0.898s] -- Found ament_cmake: 2.5.4 (/opt/ros/jazzy/share/ament_cmake/cmake)
[0.900s] -- Found Python3: /usr/bin/python3 (found version "3.12.3") found components: Interpreter 
[0.955s] -- Override CMake install command with custom implementation using symlinks instead of copying resources
[0.995s] -- Found rclcpp: 28.1.13 (/opt/ros/jazzy/share/rclcpp/cmake)
[1.022s] -- Found rosidl_generator_c: 4.6.6 (/opt/ros/jazzy/share/rosidl_generator_c/cmake)
[1.039s] -- Found rosidl_generator_cpp: 4.6.6 (/opt/ros/jazzy/share/rosidl_generator_cpp/cmake)
[1.052s] -- Using all available rosidl_typesupport_c: rosidl_typesupport_fastrtps_c;rosidl_typesupport_introspection_c
[1.066s] -- Using all available rosidl_typesupport_cpp: rosidl_typesupport_fastrtps_cpp;rosidl_typesupport_introspection_cpp
[1.115s] -- Found rmw_implementation_cmake: 7.3.2 (/opt/ros/jazzy/share/rmw_implementation_cmake/cmake)
[1.117s] -- Found rmw_fastrtps_cpp: 8.4.3 (/opt/ros/jazzy/share/rmw_fastrtps_cpp/cmake)
[1.162s] -- Found OpenSSL: /usr/lib/x86_64-linux-gnu/libcrypto.so (found version "3.0.13")  
[1.173s] -- Found FastRTPS: /opt/ros/jazzy/include (Required is at least version "2.13") 
[1.187s] -- Using RMW implementation 'rmw_fastrtps_cpp' as default
[1.228s] -- Found sensor_msgs: 5.3.6 (/opt/ros/jazzy/share/sensor_msgs/cmake)
[1.268s] -- Found OpenCV: /usr (found version "4.6.0") 
[1.329s] -- Configuring done (0.7s)
[1.336s] -- Generating done (0.0s)
[1.338s] -- Build files have been written to: /home/airlab/ros2_ws/build/lidar_cv_visualizer
[1.344s] Invoked command in '/home/airlab/ros2_ws/build/lidar_cv_visualizer' returned '0': CMAKE_PREFIX_PATH=${CMAKE_PREFIX_PATH}:/home/airlab/ros2_ws/install/carla_lidar_saver:/opt/ros/jazzy DEBUGINFOD_URLS=https://debuginfod.ubuntu.com /usr/bin/cmake /home/airlab/ros2_ws/src/lidar_cv_visualizer -DAMENT_CMAKE_SYMLINK_INSTALL=1 -DCMAKE_INSTALL_PREFIX=/home/airlab/ros2_ws/install/lidar_cv_visualizer
[1.344s] Invoking command in '/home/airlab/ros2_ws/build/lidar_cv_visualizer': CMAKE_PREFIX_PATH=${CMAKE_PREFIX_PATH}:/home/airlab/ros2_ws/install/carla_lidar_saver:/opt/ros/jazzy DEBUGINFOD_URLS=https://debuginfod.ubuntu.com /usr/bin/cmake --build /home/airlab/ros2_ws/build/lidar_cv_visualizer -- -j32 -l32
[1.377s] [ 50%] [32mBuilding CXX object CMakeFiles/cv_visualizer.dir/src/lidar_cv_node.cpp.o[0m
[5.920s] [100%] [32m[1mLinking CXX executable cv_visualizer[0m
[6.412s] [100%] Built target cv_visualizer
