[ 50%] [32mBuilding CXX object CMakeFiles/dynamixel_workbench_operators.dir/src/wheel_operator.cpp.o[0m
[100%] [32m[1mLinking CXX executable dynamixel_workbench_operators[0m
[100%] Built target dynamixel_workbench_operators
-- Install configuration: ""
-- Installing: /home/airlab/ros2_ws/install/dynamixel_workbench_operators/lib/dynamixel_workbench_operators/dynamixel_workbench_operators
-- Set non-toolchain portion of runtime path of "/home/airlab/ros2_ws/install/dynamixel_workbench_operators/lib/dynamixel_workbench_operators/dynamixel_workbench_operators" to ""
-- Up-to-date: /home/airlab/ros2_ws/install/dynamixel_workbench_operators/share/ament_index/resource_index/package_run_dependencies/dynamixel_workbench_operators
-- Up-to-date: /home/airlab/ros2_ws/install/dynamixel_workbench_operators/share/ament_index/resource_index/parent_prefix_path/dynamixel_workbench_operators
-- Up-to-date: /home/airlab/ros2_ws/install/dynamixel_workbench_operators/share/dynamixel_workbench_operators/environment/ament_prefix_path.sh
-- Up-to-date: /home/airlab/ros2_ws/install/dynamixel_workbench_operators/share/dynamixel_workbench_operators/environment/ament_prefix_path.dsv
-- Up-to-date: /home/airlab/ros2_ws/install/dynamixel_workbench_operators/share/dynamixel_workbench_operators/environment/path.sh
-- Up-to-date: /home/airlab/ros2_ws/install/dynamixel_workbench_operators/share/dynamixel_workbench_operators/environment/path.dsv
-- Up-to-date: /home/airlab/ros2_ws/install/dynamixel_workbench_operators/share/dynamixel_workbench_operators/local_setup.bash
-- Up-to-date: /home/airlab/ros2_ws/install/dynamixel_workbench_operators/share/dynamixel_workbench_operators/local_setup.sh
-- Up-to-date: /home/airlab/ros2_ws/install/dynamixel_workbench_operators/share/dynamixel_workbench_operators/local_setup.zsh
-- Up-to-date: /home/airlab/ros2_ws/install/dynamixel_workbench_operators/share/dynamixel_workbench_operators/local_setup.dsv
-- Installing: /home/airlab/ros2_ws/install/dynamixel_workbench_operators/share/dynamixel_workbench_operators/package.dsv
-- Up-to-date: /home/airlab/ros2_ws/install/dynamixel_workbench_operators/share/ament_index/resource_index/packages/dynamixel_workbench_operators
-- Up-to-date: /home/airlab/ros2_ws/install/dynamixel_workbench_operators/share/dynamixel_workbench_operators/cmake/dynamixel_workbench_operatorsConfig.cmake
-- Up-to-date: /home/airlab/ros2_ws/install/dynamixel_workbench_operators/share/dynamixel_workbench_operators/cmake/dynamixel_workbench_operatorsConfig-version.cmake
-- Up-to-date: /home/airlab/ros2_ws/install/dynamixel_workbench_operators/share/dynamixel_workbench_operators/package.xml
