running egg_info
creating ../build/stanley_control/stanley_control.egg-info
writing ../build/stanley_control/stanley_control.egg-info/PKG-INFO
writing dependency_links to ../build/stanley_control/stanley_control.egg-info/dependency_links.txt
writing entry points to ../build/stanley_control/stanley_control.egg-info/entry_points.txt
writing requirements to ../build/stanley_control/stanley_control.egg-info/requires.txt
writing top-level names to ../build/stanley_control/stanley_control.egg-info/top_level.txt
writing manifest file '../build/stanley_control/stanley_control.egg-info/SOURCES.txt'
reading manifest file '../build/stanley_control/stanley_control.egg-info/SOURCES.txt'
writing manifest file '../build/stanley_control/stanley_control.egg-info/SOURCES.txt'
running build
running build_py
creating /home/airlab/ros2_ws/build/stanley_control/build/lib/stanley_control
copying stanley_control/__init__.py -> /home/airlab/ros2_ws/build/stanley_control/build/lib/stanley_control
copying stanley_control/stanley_node.py -> /home/airlab/ros2_ws/build/stanley_control/build/lib/stanley_control
running install
running install_lib
creating /home/airlab/ros2_ws/install/stanley_control/lib/python3.12/site-packages/stanley_control
copying /home/airlab/ros2_ws/build/stanley_control/build/lib/stanley_control/__init__.py -> /home/airlab/ros2_ws/install/stanley_control/lib/python3.12/site-packages/stanley_control
copying /home/airlab/ros2_ws/build/stanley_control/build/lib/stanley_control/stanley_node.py -> /home/airlab/ros2_ws/install/stanley_control/lib/python3.12/site-packages/stanley_control
byte-compiling /home/airlab/ros2_ws/install/stanley_control/lib/python3.12/site-packages/stanley_control/__init__.py to __init__.cpython-312.pyc
byte-compiling /home/airlab/ros2_ws/install/stanley_control/lib/python3.12/site-packages/stanley_control/stanley_node.py to stanley_node.cpython-312.pyc
running install_data
creating /home/airlab/ros2_ws/install/stanley_control/share/ament_index/resource_index/packages
copying resource/stanley_control -> /home/airlab/ros2_ws/install/stanley_control/share/ament_index/resource_index/packages
copying package.xml -> /home/airlab/ros2_ws/install/stanley_control/share/stanley_control
running install_egg_info
Copying ../build/stanley_control/stanley_control.egg-info to /home/airlab/ros2_ws/install/stanley_control/lib/python3.12/site-packages/stanley_control-0.0.0-py3.12.egg-info
running install_scripts
Installing stanley_node script to /home/airlab/ros2_ws/install/stanley_control/lib/stanley_control
writing list of installed files to '/home/airlab/ros2_ws/build/stanley_control/install.log'
