[0.429s] Invoking command in '/home/airlab/ros2_ws/stanley_control': DEBUGINFOD_URLS=https://debuginfod.ubuntu.com PYTHONPATH=/home/airlab/ros2_ws/build/stanley_control/prefix_override:/usr/lib/python3/dist-packages/colcon_core/task/python/colcon_distutils_commands:/home/airlab/ros2_ws/install/stanley_control/lib/python3.12/site-packages:${PYTHONPATH} /usr/bin/python3 -W ignore:setup.py install is deprecated -W ignore:easy_install command is deprecated setup.py egg_info --egg-base ../build/stanley_control build --build-base /home/airlab/ros2_ws/build/stanley_control/build install --record /home/airlab/ros2_ws/build/stanley_control/install.log --single-version-externally-managed install_data
[0.601s] running egg_info
[0.614s] creating ../build/stanley_control/stanley_control.egg-info
[0.614s] writing ../build/stanley_control/stanley_control.egg-info/PKG-INFO
[0.614s] writing dependency_links to ../build/stanley_control/stanley_control.egg-info/dependency_links.txt
[0.615s] writing entry points to ../build/stanley_control/stanley_control.egg-info/entry_points.txt
[0.615s] writing requirements to ../build/stanley_control/stanley_control.egg-info/requires.txt
[0.615s] writing top-level names to ../build/stanley_control/stanley_control.egg-info/top_level.txt
[0.615s] writing manifest file '../build/stanley_control/stanley_control.egg-info/SOURCES.txt'
[0.641s] reading manifest file '../build/stanley_control/stanley_control.egg-info/SOURCES.txt'
[0.642s] writing manifest file '../build/stanley_control/stanley_control.egg-info/SOURCES.txt'
[0.642s] running build
[0.642s] running build_py
[0.642s] creating /home/airlab/ros2_ws/build/stanley_control/build/lib/stanley_control
[0.642s] copying stanley_control/__init__.py -> /home/airlab/ros2_ws/build/stanley_control/build/lib/stanley_control
[0.642s] copying stanley_control/stanley_node.py -> /home/airlab/ros2_ws/build/stanley_control/build/lib/stanley_control
[0.642s] running install
[0.645s] running install_lib
[0.658s] creating /home/airlab/ros2_ws/install/stanley_control/lib/python3.12/site-packages/stanley_control
[0.658s] copying /home/airlab/ros2_ws/build/stanley_control/build/lib/stanley_control/__init__.py -> /home/airlab/ros2_ws/install/stanley_control/lib/python3.12/site-packages/stanley_control
[0.658s] copying /home/airlab/ros2_ws/build/stanley_control/build/lib/stanley_control/stanley_node.py -> /home/airlab/ros2_ws/install/stanley_control/lib/python3.12/site-packages/stanley_control
[0.658s] byte-compiling /home/airlab/ros2_ws/install/stanley_control/lib/python3.12/site-packages/stanley_control/__init__.py to __init__.cpython-312.pyc
[0.658s] byte-compiling /home/airlab/ros2_ws/install/stanley_control/lib/python3.12/site-packages/stanley_control/stanley_node.py to stanley_node.cpython-312.pyc
[0.659s] running install_data
[0.659s] creating /home/airlab/ros2_ws/install/stanley_control/share/ament_index/resource_index/packages
[0.659s] copying resource/stanley_control -> /home/airlab/ros2_ws/install/stanley_control/share/ament_index/resource_index/packages
[0.659s] copying package.xml -> /home/airlab/ros2_ws/install/stanley_control/share/stanley_control
[0.659s] running install_egg_info
[0.673s] Copying ../build/stanley_control/stanley_control.egg-info to /home/airlab/ros2_ws/install/stanley_control/lib/python3.12/site-packages/stanley_control-0.0.0-py3.12.egg-info
[0.673s] running install_scripts
[0.701s] Installing stanley_node script to /home/airlab/ros2_ws/install/stanley_control/lib/stanley_control
[0.701s] writing list of installed files to '/home/airlab/ros2_ws/build/stanley_control/install.log'
[0.713s] Invoked command in '/home/airlab/ros2_ws/stanley_control' returned '0': DEBUGINFOD_URLS=https://debuginfod.ubuntu.com PYTHONPATH=/home/airlab/ros2_ws/build/stanley_control/prefix_override:/usr/lib/python3/dist-packages/colcon_core/task/python/colcon_distutils_commands:/home/airlab/ros2_ws/install/stanley_control/lib/python3.12/site-packages:${PYTHONPATH} /usr/bin/python3 -W ignore:setup.py install is deprecated -W ignore:easy_install command is deprecated setup.py egg_info --egg-base ../build/stanley_control build --build-base /home/airlab/ros2_ws/build/stanley_control/build install --record /home/airlab/ros2_ws/build/stanley_control/install.log --single-version-externally-managed install_data
