[0.007s] Invoking command in '/home/airlab/ros2_ws/build/twist_to_carla_control': CMAKE_PREFIX_PATH=${CMAKE_PREFIX_PATH}:/opt/ros/jazzy DEBUGINFOD_URLS=https://debuginfod.ubuntu.com /usr/bin/cmake /home/airlab/ros2_ws/src/twist_to_carla_control -DCMAKE_INSTALL_PREFIX=/home/airlab/ros2_ws/install/twist_to_carla_control
[0.082s] -- The C compiler identification is GNU 13.3.0
[0.137s] -- The CXX compiler identification is GNU 13.3.0
[0.168s] -- Detecting C compiler ABI info
[0.288s] -- Detecting C compiler ABI info - done
[0.297s] -- Check for working C compiler: /usr/bin/cc - skipped
[0.298s] -- Detecting C compile features
[0.298s] -- Detecting C compile features - done
[0.312s] -- Detecting CXX compiler ABI info
[0.432s] -- Detecting CXX compiler ABI info - done
[0.436s] -- Check for working CXX compiler: /usr/bin/c++ - skipped
[0.436s] -- Detecting CXX compile features
[0.437s] -- Detecting CXX compile features - done
[0.439s] -- Found ament_cmake: 2.5.4 (/opt/ros/jazzy/share/ament_cmake/cmake)
[0.558s] -- Found Python3: /usr/bin/python3 (found version "3.12.3") found components: Interpreter 
[0.642s] -- Found rclcpp: 28.1.13 (/opt/ros/jazzy/share/rclcpp/cmake)
[0.684s] -- Found rosidl_generator_c: 4.6.6 (/opt/ros/jazzy/share/rosidl_generator_c/cmake)
[0.692s] -- Found rosidl_generator_cpp: 4.6.6 (/opt/ros/jazzy/share/rosidl_generator_cpp/cmake)
[0.701s] -- Using all available rosidl_typesupport_c: rosidl_typesupport_fastrtps_c;rosidl_typesupport_introspection_c
[0.711s] -- Using all available rosidl_typesupport_cpp: rosidl_typesupport_fastrtps_cpp;rosidl_typesupport_introspection_cpp
[0.761s] -- Found rmw_implementation_cmake: 7.3.2 (/opt/ros/jazzy/share/rmw_implementation_cmake/cmake)
[0.763s] -- Found rmw_fastrtps_cpp: 8.4.3 (/opt/ros/jazzy/share/rmw_fastrtps_cpp/cmake)
[0.869s] -- Found OpenSSL: /usr/lib/x86_64-linux-gnu/libcrypto.so (found version "3.0.13")  
[0.892s] -- Found FastRTPS: /opt/ros/jazzy/include (Required is at least version "2.13") 
[0.917s] -- Using RMW implementation 'rmw_fastrtps_cpp' as default
[0.976s] -- Found geometry_msgs: 5.3.6 (/opt/ros/jazzy/share/geometry_msgs/cmake)
[0.993s] -- Found carla_msgs: 1.3.0 (/home/airlab/ros2_ws/install/carla_msgs/share/carla_msgs/cmake)
[1.019s] -- Found ament_lint_auto: 0.17.3 (/opt/ros/jazzy/share/ament_lint_auto/cmake)
[1.089s] -- Added test 'copyright' to check source files copyright and LICENSE
[1.090s] -- Added test 'cppcheck' to perform static code analysis on C / C++ code
[1.090s] -- Configured cppcheck include dirs: 
[1.090s] -- Configured cppcheck exclude dirs and/or files: 
[1.090s] -- Added test 'cpplint' to check C / C++ code against the Google style
[1.091s] -- Configured cpplint exclude dirs and/or files: 
[1.091s] -- Added test 'flake8' to check Python code syntax and style conventions
[1.091s] -- Configured 'flake8' exclude dirs and/or files: 
[1.091s] -- Added test 'lint_cmake' to check CMake code style
[1.091s] -- Added test 'pep257' to check Python code against some of the docstring style conventions in PEP 257
[1.092s] -- Added test 'uncrustify' to check C / C++ code style
[1.092s] -- Configured uncrustify additional arguments: 
[1.092s] -- Added test 'xmllint' to check XML markup files
[1.093s] -- Configuring done (1.1s)
[1.098s] -- Generating done (0.0s)
[1.100s] -- Build files have been written to: /home/airlab/ros2_ws/build/twist_to_carla_control
[1.105s] Invoked command in '/home/airlab/ros2_ws/build/twist_to_carla_control' returned '0': CMAKE_PREFIX_PATH=${CMAKE_PREFIX_PATH}:/opt/ros/jazzy DEBUGINFOD_URLS=https://debuginfod.ubuntu.com /usr/bin/cmake /home/airlab/ros2_ws/src/twist_to_carla_control -DCMAKE_INSTALL_PREFIX=/home/airlab/ros2_ws/install/twist_to_carla_control
[1.106s] Invoking command in '/home/airlab/ros2_ws/build/twist_to_carla_control': CMAKE_PREFIX_PATH=${CMAKE_PREFIX_PATH}:/opt/ros/jazzy DEBUGINFOD_URLS=https://debuginfod.ubuntu.com /usr/bin/cmake --build /home/airlab/ros2_ws/build/twist_to_carla_control -- -j32 -l32
[1.149s] [ 50%] [32mBuilding CXX object CMakeFiles/twist_to_carla_control_node.dir/src/twist_to_carla_control.cpp.o[0m
[4.639s] [100%] [32m[1mLinking CXX executable twist_to_carla_control_node[0m
[4.809s] [100%] Built target twist_to_carla_control_node
[4.816s] Invoked command in '/home/airlab/ros2_ws/build/twist_to_carla_control' returned '0': CMAKE_PREFIX_PATH=${CMAKE_PREFIX_PATH}:/opt/ros/jazzy DEBUGINFOD_URLS=https://debuginfod.ubuntu.com /usr/bin/cmake --build /home/airlab/ros2_ws/build/twist_to_carla_control -- -j32 -l32
[4.823s] Invoking command in '/home/airlab/ros2_ws/build/twist_to_carla_control': CMAKE_PREFIX_PATH=${CMAKE_PREFIX_PATH}:/opt/ros/jazzy DEBUGINFOD_URLS=https://debuginfod.ubuntu.com /usr/bin/cmake --install /home/airlab/ros2_ws/build/twist_to_carla_control
[4.829s] -- Install configuration: ""
[4.829s] -- Installing: /home/airlab/ros2_ws/install/twist_to_carla_control/lib/twist_to_carla_control/twist_to_carla_control_node
[4.831s] -- Set non-toolchain portion of runtime path of "/home/airlab/ros2_ws/install/twist_to_carla_control/lib/twist_to_carla_control/twist_to_carla_control_node" to ""
[4.831s] -- Installing: /home/airlab/ros2_ws/install/twist_to_carla_control/share/twist_to_carla_control/launch
[4.831s] -- Installing: /home/airlab/ros2_ws/install/twist_to_carla_control/share/twist_to_carla_control/launch/twist_to_carla.launch.py
[4.831s] -- Installing: /home/airlab/ros2_ws/install/twist_to_carla_control/share/ament_index/resource_index/package_run_dependencies/twist_to_carla_control
[4.832s] -- Installing: /home/airlab/ros2_ws/install/twist_to_carla_control/share/ament_index/resource_index/parent_prefix_path/twist_to_carla_control
[4.832s] -- Installing: /home/airlab/ros2_ws/install/twist_to_carla_control/share/twist_to_carla_control/environment/ament_prefix_path.sh
[4.832s] -- Installing: /home/airlab/ros2_ws/install/twist_to_carla_control/share/twist_to_carla_control/environment/ament_prefix_path.dsv
[4.832s] -- Installing: /home/airlab/ros2_ws/install/twist_to_carla_control/share/twist_to_carla_control/environment/path.sh
[4.832s] -- Installing: /home/airlab/ros2_ws/install/twist_to_carla_control/share/twist_to_carla_control/environment/path.dsv
[4.832s] -- Installing: /home/airlab/ros2_ws/install/twist_to_carla_control/share/twist_to_carla_control/local_setup.bash
[4.832s] -- Installing: /home/airlab/ros2_ws/install/twist_to_carla_control/share/twist_to_carla_control/local_setup.sh
[4.832s] -- Installing: /home/airlab/ros2_ws/install/twist_to_carla_control/share/twist_to_carla_control/local_setup.zsh
[4.832s] -- Installing: /home/airlab/ros2_ws/install/twist_to_carla_control/share/twist_to_carla_control/local_setup.dsv
[4.832s] -- Installing: /home/airlab/ros2_ws/install/twist_to_carla_control/share/twist_to_carla_control/package.dsv
[4.832s] -- Installing: /home/airlab/ros2_ws/install/twist_to_carla_control/share/ament_index/resource_index/packages/twist_to_carla_control
[4.832s] -- Installing: /home/airlab/ros2_ws/install/twist_to_carla_control/share/twist_to_carla_control/cmake/twist_to_carla_controlConfig.cmake
[4.832s] -- Installing: /home/airlab/ros2_ws/install/twist_to_carla_control/share/twist_to_carla_control/cmake/twist_to_carla_controlConfig-version.cmake
[4.833s] -- Installing: /home/airlab/ros2_ws/install/twist_to_carla_control/share/twist_to_carla_control/package.xml
[4.833s] Invoked command in '/home/airlab/ros2_ws/build/twist_to_carla_control' returned '0': CMAKE_PREFIX_PATH=${CMAKE_PREFIX_PATH}:/opt/ros/jazzy DEBUGINFOD_URLS=https://debuginfod.ubuntu.com /usr/bin/cmake --install /home/airlab/ros2_ws/build/twist_to_carla_control
