[0.404s] Invoking command in '/home/airlab/ros2_ws/src/carla_path_planner': DEBUGINFOD_URLS=https://debuginfod.ubuntu.com PYTHONPATH=/home/airlab/ros2_ws/build/carla_path_planner/prefix_override:/usr/lib/python3/dist-packages/colcon_core/task/python/colcon_distutils_commands:/home/airlab/ros2_ws/install/carla_path_planner/lib/python3.12/site-packages:${PYTHONPATH} /usr/bin/python3 -W ignore:setup.py install is deprecated -W ignore:easy_install command is deprecated setup.py egg_info --egg-base ../../build/carla_path_planner build --build-base /home/airlab/ros2_ws/build/carla_path_planner/build install --record /home/airlab/ros2_ws/build/carla_path_planner/install.log --single-version-externally-managed install_data
[0.497s] /home/airlab/carla/carla_venv/lib/python3.12/site-packages/setuptools/_distutils/dist.py:289: UserWarning: Unknown distribution option: 'tests_require'
[0.498s]   warnings.warn(msg)
[0.567s] running egg_info
[0.578s] writing ../../build/carla_path_planner/carla_path_planner.egg-info/PKG-INFO
[0.578s] writing dependency_links to ../../build/carla_path_planner/carla_path_planner.egg-info/dependency_links.txt
[0.579s] writing entry points to ../../build/carla_path_planner/carla_path_planner.egg-info/entry_points.txt
[0.579s] writing requirements to ../../build/carla_path_planner/carla_path_planner.egg-info/requires.txt
[0.579s] writing top-level names to ../../build/carla_path_planner/carla_path_planner.egg-info/top_level.txt
[0.603s] reading manifest file '../../build/carla_path_planner/carla_path_planner.egg-info/SOURCES.txt'
[0.603s] writing manifest file '../../build/carla_path_planner/carla_path_planner.egg-info/SOURCES.txt'
[0.604s] running build
[0.604s] running build_py
[0.604s] copying carla_path_planner/__init__.py -> /home/airlab/ros2_ws/build/carla_path_planner/build/lib/carla_path_planner
[0.604s] copying carla_path_planner/path_planner_node.py -> /home/airlab/ros2_ws/build/carla_path_planner/build/lib/carla_path_planner
[0.604s] running install
[0.607s] running install_lib
[0.619s] copying /home/airlab/ros2_ws/build/carla_path_planner/build/lib/carla_path_planner/path_planner_node.py -> /home/airlab/ros2_ws/install/carla_path_planner/lib/python3.12/site-packages/carla_path_planner
[0.619s] byte-compiling /home/airlab/ros2_ws/install/carla_path_planner/lib/python3.12/site-packages/carla_path_planner/path_planner_node.py to path_planner_node.cpython-312.pyc
[0.621s] running install_data
[0.621s] copying package.xml -> /home/airlab/ros2_ws/install/carla_path_planner/share/carla_path_planner
[0.621s] copying launch/path_planner.launch.py -> /home/airlab/ros2_ws/install/carla_path_planner/share/carla_path_planner/launch
[0.621s] copying config/params.yaml -> /home/airlab/ros2_ws/install/carla_path_planner/share/carla_path_planner/config
[0.621s] running install_egg_info
[0.633s] removing '/home/airlab/ros2_ws/install/carla_path_planner/lib/python3.12/site-packages/carla_path_planner-0.1.0-py3.12.egg-info' (and everything under it)
[0.633s] Copying ../../build/carla_path_planner/carla_path_planner.egg-info to /home/airlab/ros2_ws/install/carla_path_planner/lib/python3.12/site-packages/carla_path_planner-0.1.0-py3.12.egg-info
[0.633s] running install_scripts
[0.658s] Installing path_planner script to /home/airlab/ros2_ws/install/carla_path_planner/lib/carla_path_planner
[0.658s] writing list of installed files to '/home/airlab/ros2_ws/build/carla_path_planner/install.log'
[0.671s] Invoked command in '/home/airlab/ros2_ws/src/carla_path_planner' returned '0': DEBUGINFOD_URLS=https://debuginfod.ubuntu.com PYTHONPATH=/home/airlab/ros2_ws/build/carla_path_planner/prefix_override:/usr/lib/python3/dist-packages/colcon_core/task/python/colcon_distutils_commands:/home/airlab/ros2_ws/install/carla_path_planner/lib/python3.12/site-packages:${PYTHONPATH} /usr/bin/python3 -W ignore:setup.py install is deprecated -W ignore:easy_install command is deprecated setup.py egg_info --egg-base ../../build/carla_path_planner build --build-base /home/airlab/ros2_ws/build/carla_path_planner/build install --record /home/airlab/ros2_ws/build/carla_path_planner/install.log --single-version-externally-managed install_data
