[0.000000] (-) TimerEvent: {}
[0.000357] (-) JobUnselected: {'identifier': 'camera'}
[0.000425] (-) JobUnselected: {'identifier': 'carla_ackermann_control'}
[0.000449] (-) JobUnselected: {'identifier': 'carla_ackermann_msgs'}
[0.000590] (-) JobUnselected: {'identifier': 'carla_ad_agent'}
[0.000677] (-) JobUnselected: {'identifier': 'carla_ad_demo'}
[0.000693] (-) JobUnselected: {'identifier': 'carla_common'}
[0.000705] (-) JobUnselected: {'identifier': 'carla_lidar_saver'}
[0.000719] (-) JobUnselected: {'identifier': 'carla_manual_control'}
[0.000808] (-) JobUnselected: {'identifier': 'carla_msgs'}
[0.000833] (-) JobUnselected: {'identifier': 'carla_ros_bridge'}
[0.000867] (-) JobUnselected: {'identifier': 'carla_ros_scenario_runner'}
[0.000886] (-) JobUnselected: {'identifier': 'carla_ros_scenario_runner_types'}
[0.000919] (-) JobUnselected: {'identifier': 'carla_spawn_objects'}
[0.000933] (-) JobUnselected: {'identifier': 'carla_twist_launch'}
[0.000945] (-) JobUnselected: {'identifier': 'carla_twist_to_control'}
[0.000957] (-) JobUnselected: {'identifier': 'carla_walker_agent'}
[0.000994] (-) JobUnselected: {'identifier': 'carla_waypoint_publisher'}
[0.001008] (-) JobUnselected: {'identifier': 'carla_waypoint_types'}
[0.001020] (-) JobUnselected: {'identifier': 'dynamixel_sdk'}
[0.001037] (-) JobUnselected: {'identifier': 'dynamixel_sdk_custom_interfaces'}
[0.001055] (-) JobUnselected: {'identifier': 'dynamixel_sdk_examples'}
[0.001071] (-) JobUnselected: {'identifier': 'dynamixel_workbench_msgs'}
[0.001100] (-) JobUnselected: {'identifier': 'dynamixel_workbench_operators'}
[0.001113] (-) JobUnselected: {'identifier': 'lidar_cv_visualizer'}
[0.001126] (-) JobUnselected: {'identifier': 'open3d_ros2_node'}
[0.001152] (-) JobUnselected: {'identifier': 'pcl_recorder'}
[0.001172] (-) JobUnselected: {'identifier': 'ros_compatibility'}
[0.001185] (-) JobUnselected: {'identifier': 'rqt_carla_control'}
[0.001217] (-) JobUnselected: {'identifier': 'rviz_carla_plugin'}
[0.001230] (-) JobUnselected: {'identifier': 'twist_carla_direct_control'}
[0.001329] (twist_to_carla_control) JobQueued: {'identifier': 'twist_to_carla_control', 'dependencies': OrderedDict({'carla_msgs': '/home/airlab/ros2_ws/install/carla_msgs'})}
[0.001373] (twist_to_carla_control) JobStarted: {'identifier': 'twist_to_carla_control'}
[0.005661] (twist_to_carla_control) JobEnded: {'identifier': 'twist_to_carla_control', 'rc': 1}
[0.015884] (-) EventReactorShutdown: {}
