[0.349s] Invoking command in '/home/airlab/ros2_ws/src/carla_twist_launch': AMENT_PREFIX_PATH=/home/airlab/ros2_ws/install/twist_carla_direct_control:/home/airlab/ros2_ws/install/carla_twist_launch:/home/airlab/ros2_ws/install/twist_to_carla_control:/home/airlab/ros2_ws/install/dynamixel_workbench_operators:/home/airlab/ros2_ws/install/dynamixel_sdk:/home/airlab/ros2_ws/install/carla_msgs:/opt/ros/jazzy DEBUGINFOD_URLS=https://debuginfod.ubuntu.com PS1=(carla_venv) \[\e]0;\u@\h: \w\a\]${debian_chroot:+($debian_chroot)}\[\033[01;32m\]\u@\h\[\033[00m\]:\[\033[01;34m\]\w\[\033[00m\]\$ PYTHONPATH=/home/airlab/ros2_ws/build/carla_twist_launch/prefix_override:/usr/lib/python3/dist-packages/colcon_core/task/python/colcon_distutils_commands:/home/airlab/ros2_ws/install/carla_twist_launch/lib/python3.12/site-packages:/home/airlab/ros2_ws/install/twist_carla_direct_control/lib/python3.12/site-packages:/home/airlab/ros2_ws/install/carla_twist_launch/lib/python3.12/site-packages:/home/airlab/ros2_ws/install/dynamixel_sdk/lib/python3.12/site-packages:/home/airlab/ros2_ws/install/carla_msgs/lib/python3.12/site-packages:/opt/ros/jazzy/lib/python3.12/site-packages:/home/airlab/carla/carla_venv/lib/python3.12/site-packages VIRTUAL_ENV_PROMPT=(carla_venv) /usr/bin/python3 -W ignore:setup.py install is deprecated -W ignore:easy_install command is deprecated setup.py egg_info --egg-base ../../build/carla_twist_launch build --build-base /home/airlab/ros2_ws/build/carla_twist_launch/build install --record /home/airlab/ros2_ws/build/carla_twist_launch/install.log --single-version-externally-managed install_data
[0.492s] running egg_info
[0.502s] writing ../../build/carla_twist_launch/carla_twist_launch.egg-info/PKG-INFO
[0.503s] writing dependency_links to ../../build/carla_twist_launch/carla_twist_launch.egg-info/dependency_links.txt
[0.503s] writing requirements to ../../build/carla_twist_launch/carla_twist_launch.egg-info/requires.txt
[0.503s] writing top-level names to ../../build/carla_twist_launch/carla_twist_launch.egg-info/top_level.txt
[0.522s] reading manifest file '../../build/carla_twist_launch/carla_twist_launch.egg-info/SOURCES.txt'
[0.523s] writing manifest file '../../build/carla_twist_launch/carla_twist_launch.egg-info/SOURCES.txt'
[0.523s] running build
[0.523s] running build_py
[0.524s] copying carla_twist_launch/__init__.py -> /home/airlab/ros2_ws/build/carla_twist_launch/build/lib/carla_twist_launch
[0.524s] running install
[0.527s] running install_lib
[0.537s] running install_data
[0.537s] copying resource/carla_twist_launch -> /home/airlab/ros2_ws/install/carla_twist_launch/share/ament_index/resource_index/packages
[0.537s] copying package.xml -> /home/airlab/ros2_ws/install/carla_twist_launch/share/carla_twist_launch
[0.537s] copying launch/combined_launch.py -> /home/airlab/ros2_ws/install/carla_twist_launch/share/carla_twist_launch/launch
[0.537s] running install_egg_info
[0.547s] removing '/home/airlab/ros2_ws/install/carla_twist_launch/lib/python3.12/site-packages/carla_twist_launch-0.0.0-py3.12.egg-info' (and everything under it)
[0.547s] Copying ../../build/carla_twist_launch/carla_twist_launch.egg-info to /home/airlab/ros2_ws/install/carla_twist_launch/lib/python3.12/site-packages/carla_twist_launch-0.0.0-py3.12.egg-info
[0.547s] running install_scripts
[0.566s] writing list of installed files to '/home/airlab/ros2_ws/build/carla_twist_launch/install.log'
[0.576s] Invoked command in '/home/airlab/ros2_ws/src/carla_twist_launch' returned '0': AMENT_PREFIX_PATH=/home/airlab/ros2_ws/install/twist_carla_direct_control:/home/airlab/ros2_ws/install/carla_twist_launch:/home/airlab/ros2_ws/install/twist_to_carla_control:/home/airlab/ros2_ws/install/dynamixel_workbench_operators:/home/airlab/ros2_ws/install/dynamixel_sdk:/home/airlab/ros2_ws/install/carla_msgs:/opt/ros/jazzy DEBUGINFOD_URLS=https://debuginfod.ubuntu.com PS1=(carla_venv) \[\e]0;\u@\h: \w\a\]${debian_chroot:+($debian_chroot)}\[\033[01;32m\]\u@\h\[\033[00m\]:\[\033[01;34m\]\w\[\033[00m\]\$ PYTHONPATH=/home/airlab/ros2_ws/build/carla_twist_launch/prefix_override:/usr/lib/python3/dist-packages/colcon_core/task/python/colcon_distutils_commands:/home/airlab/ros2_ws/install/carla_twist_launch/lib/python3.12/site-packages:/home/airlab/ros2_ws/install/twist_carla_direct_control/lib/python3.12/site-packages:/home/airlab/ros2_ws/install/carla_twist_launch/lib/python3.12/site-packages:/home/airlab/ros2_ws/install/dynamixel_sdk/lib/python3.12/site-packages:/home/airlab/ros2_ws/install/carla_msgs/lib/python3.12/site-packages:/opt/ros/jazzy/lib/python3.12/site-packages:/home/airlab/carla/carla_venv/lib/python3.12/site-packages VIRTUAL_ENV_PROMPT=(carla_venv) /usr/bin/python3 -W ignore:setup.py install is deprecated -W ignore:easy_install command is deprecated setup.py egg_info --egg-base ../../build/carla_twist_launch build --build-base /home/airlab/ros2_ws/build/carla_twist_launch/build install --record /home/airlab/ros2_ws/build/carla_twist_launch/install.log --single-version-externally-managed install_data
