running egg_info
creating ../../build/carla_twist_launch/carla_twist_launch.egg-info
writing ../../build/carla_twist_launch/carla_twist_launch.egg-info/PKG-INFO
writing dependency_links to ../../build/carla_twist_launch/carla_twist_launch.egg-info/dependency_links.txt
writing requirements to ../../build/carla_twist_launch/carla_twist_launch.egg-info/requires.txt
writing top-level names to ../../build/carla_twist_launch/carla_twist_launch.egg-info/top_level.txt
writing manifest file '../../build/carla_twist_launch/carla_twist_launch.egg-info/SOURCES.txt'
reading manifest file '../../build/carla_twist_launch/carla_twist_launch.egg-info/SOURCES.txt'
writing manifest file '../../build/carla_twist_launch/carla_twist_launch.egg-info/SOURCES.txt'
running build
running build_py
creating /home/airlab/ros2_ws/build/carla_twist_launch/build/lib/carla_twist_launch
copying carla_twist_launch/__init__.py -> /home/airlab/ros2_ws/build/carla_twist_launch/build/lib/carla_twist_launch
running install
running install_lib
creating /home/airlab/ros2_ws/install/carla_twist_launch/lib/python3.12/site-packages/carla_twist_launch
copying /home/airlab/ros2_ws/build/carla_twist_launch/build/lib/carla_twist_launch/__init__.py -> /home/airlab/ros2_ws/install/carla_twist_launch/lib/python3.12/site-packages/carla_twist_launch
byte-compiling /home/airlab/ros2_ws/install/carla_twist_launch/lib/python3.12/site-packages/carla_twist_launch/__init__.py to __init__.cpython-312.pyc
running install_data
creating /home/airlab/ros2_ws/install/carla_twist_launch/share/ament_index/resource_index/packages
copying resource/carla_twist_launch -> /home/airlab/ros2_ws/install/carla_twist_launch/share/ament_index/resource_index/packages
copying package.xml -> /home/airlab/ros2_ws/install/carla_twist_launch/share/carla_twist_launch
creating /home/airlab/ros2_ws/install/carla_twist_launch/share/carla_twist_launch/launch
copying launch/combined_launch.py -> /home/airlab/ros2_ws/install/carla_twist_launch/share/carla_twist_launch/launch
running install_egg_info
Copying ../../build/carla_twist_launch/carla_twist_launch.egg-info to /home/airlab/ros2_ws/install/carla_twist_launch/lib/python3.12/site-packages/carla_twist_launch-0.0.0-py3.12.egg-info
running install_scripts
writing list of installed files to '/home/airlab/ros2_ws/build/carla_twist_launch/install.log'
