[0.382s] Invoking command in '/home/airlab/ros2_ws/src/carla_twist_launch': DEBUGINFOD_URLS=https://debuginfod.ubuntu.com PS1=(carla_venv) \[\e]0;\u@\h: \w\a\]${debian_chroot:+($debian_chroot)}\[\033[01;32m\]\u@\h\[\033[00m\]:\[\033[01;34m\]\w\[\033[00m\]\$ PYTHONPATH=/home/airlab/ros2_ws/build/carla_twist_launch/prefix_override:/usr/lib/python3/dist-packages/colcon_core/task/python/colcon_distutils_commands:/home/airlab/ros2_ws/install/carla_twist_launch/lib/python3.12/site-packages:${PYTHONPATH} VIRTUAL_ENV_PROMPT=(carla_venv) /usr/bin/python3 -W ignore:setup.py install is deprecated -W ignore:easy_install command is deprecated setup.py egg_info --egg-base ../../build/carla_twist_launch build --build-base /home/airlab/ros2_ws/build/carla_twist_launch/build install --record /home/airlab/ros2_ws/build/carla_twist_launch/install.log --single-version-externally-managed install_data
[0.543s] running egg_info
[0.545s] creating ../../build/carla_twist_launch/carla_twist_launch.egg-info
[0.545s] writing ../../build/carla_twist_launch/carla_twist_launch.egg-info/PKG-INFO
[0.546s] writing dependency_links to ../../build/carla_twist_launch/carla_twist_launch.egg-info/dependency_links.txt
[0.546s] writing requirements to ../../build/carla_twist_launch/carla_twist_launch.egg-info/requires.txt
[0.546s] writing top-level names to ../../build/carla_twist_launch/carla_twist_launch.egg-info/top_level.txt
[0.546s] writing manifest file '../../build/carla_twist_launch/carla_twist_launch.egg-info/SOURCES.txt'
[0.567s] reading manifest file '../../build/carla_twist_launch/carla_twist_launch.egg-info/SOURCES.txt'
[0.568s] writing manifest file '../../build/carla_twist_launch/carla_twist_launch.egg-info/SOURCES.txt'
[0.568s] running build
[0.568s] running build_py
[0.568s] creating /home/airlab/ros2_ws/build/carla_twist_launch/build/lib/carla_twist_launch
[0.568s] copying carla_twist_launch/__init__.py -> /home/airlab/ros2_ws/build/carla_twist_launch/build/lib/carla_twist_launch
[0.568s] running install
[0.571s] running install_lib
[0.583s] creating /home/airlab/ros2_ws/install/carla_twist_launch/lib/python3.12/site-packages/carla_twist_launch
[0.583s] copying /home/airlab/ros2_ws/build/carla_twist_launch/build/lib/carla_twist_launch/__init__.py -> /home/airlab/ros2_ws/install/carla_twist_launch/lib/python3.12/site-packages/carla_twist_launch
[0.583s] byte-compiling /home/airlab/ros2_ws/install/carla_twist_launch/lib/python3.12/site-packages/carla_twist_launch/__init__.py to __init__.cpython-312.pyc
[0.583s] running install_data
[0.583s] creating /home/airlab/ros2_ws/install/carla_twist_launch/share/ament_index/resource_index/packages
[0.583s] copying resource/carla_twist_launch -> /home/airlab/ros2_ws/install/carla_twist_launch/share/ament_index/resource_index/packages
[0.584s] copying package.xml -> /home/airlab/ros2_ws/install/carla_twist_launch/share/carla_twist_launch
[0.584s] creating /home/airlab/ros2_ws/install/carla_twist_launch/share/carla_twist_launch/launch
[0.584s] copying launch/combined_launch.py -> /home/airlab/ros2_ws/install/carla_twist_launch/share/carla_twist_launch/launch
[0.584s] running install_egg_info
[0.594s] Copying ../../build/carla_twist_launch/carla_twist_launch.egg-info to /home/airlab/ros2_ws/install/carla_twist_launch/lib/python3.12/site-packages/carla_twist_launch-0.0.0-py3.12.egg-info
[0.594s] running install_scripts
[0.615s] writing list of installed files to '/home/airlab/ros2_ws/build/carla_twist_launch/install.log'
[0.627s] Invoked command in '/home/airlab/ros2_ws/src/carla_twist_launch' returned '0': DEBUGINFOD_URLS=https://debuginfod.ubuntu.com PS1=(carla_venv) \[\e]0;\u@\h: \w\a\]${debian_chroot:+($debian_chroot)}\[\033[01;32m\]\u@\h\[\033[00m\]:\[\033[01;34m\]\w\[\033[00m\]\$ PYTHONPATH=/home/airlab/ros2_ws/build/carla_twist_launch/prefix_override:/usr/lib/python3/dist-packages/colcon_core/task/python/colcon_distutils_commands:/home/airlab/ros2_ws/install/carla_twist_launch/lib/python3.12/site-packages:${PYTHONPATH} VIRTUAL_ENV_PROMPT=(carla_venv) /usr/bin/python3 -W ignore:setup.py install is deprecated -W ignore:easy_install command is deprecated setup.py egg_info --egg-base ../../build/carla_twist_launch build --build-base /home/airlab/ros2_ws/build/carla_twist_launch/build install --record /home/airlab/ros2_ws/build/carla_twist_launch/install.log --single-version-externally-managed install_data
