[0.000000] (-) TimerEvent: {}
[0.000295] (-) JobUnselected: {'identifier': 'camera'}
[0.000329] (-) JobUnselected: {'identifier': 'carla_ackermann_control'}
[0.000344] (-) JobUnselected: {'identifier': 'carla_ackermann_msgs'}
[0.000357] (-) JobUnselected: {'identifier': 'carla_ad_agent'}
[0.000368] (-) JobUnselected: {'identifier': 'carla_ad_demo'}
[0.000380] (-) JobUnselected: {'identifier': 'carla_common'}
[0.000390] (-) JobUnselected: {'identifier': 'carla_lidar_saver'}
[0.000401] (-) JobUnselected: {'identifier': 'carla_manual_control'}
[0.000412] (-) JobUnselected: {'identifier': 'carla_msgs'}
[0.000422] (-) JobUnselected: {'identifier': 'carla_ros_bridge'}
[0.000433] (-) JobUnselected: {'identifier': 'carla_ros_scenario_runner'}
[0.000443] (-) JobUnselected: {'identifier': 'carla_ros_scenario_runner_types'}
[0.000454] (-) JobUnselected: {'identifier': 'carla_spawn_objects'}
[0.000464] (-) JobUnselected: {'identifier': 'carla_state_publisher'}
[0.000474] (-) JobUnselected: {'identifier': 'carla_twist_launch'}
[0.000485] (-) JobUnselected: {'identifier': 'carla_twist_to_control'}
[0.000495] (-) JobUnselected: {'identifier': 'carla_walker_agent'}
[0.000505] (-) JobUnselected: {'identifier': 'carla_waypoint_publisher'}
[0.000515] (-) JobUnselected: {'identifier': 'carla_waypoint_types'}
[0.000529] (-) JobUnselected: {'identifier': 'dynamixel_sdk'}
[0.000539] (-) JobUnselected: {'identifier': 'dynamixel_sdk_custom_interfaces'}
[0.000550] (-) JobUnselected: {'identifier': 'dynamixel_sdk_examples'}
[0.000560] (-) JobUnselected: {'identifier': 'dynamixel_workbench_msgs'}
[0.000570] (-) JobUnselected: {'identifier': 'dynamixel_workbench_operators'}
[0.000580] (-) JobUnselected: {'identifier': 'lidar_cv_visualizer'}
[0.000590] (-) JobUnselected: {'identifier': 'open3d_ros2_node'}
[0.000601] (-) JobUnselected: {'identifier': 'pcl_recorder'}
[0.000611] (-) JobUnselected: {'identifier': 'ros_compatibility'}
[0.000621] (-) JobUnselected: {'identifier': 'rqt_carla_control'}
[0.000631] (-) JobUnselected: {'identifier': 'rviz_carla_plugin'}
[0.000641] (-) JobUnselected: {'identifier': 'twist_carla_direct_control'}
[0.000651] (-) JobUnselected: {'identifier': 'twist_to_carla_control_nav'}
[0.000663] (twist_to_carla_control) JobQueued: {'identifier': 'twist_to_carla_control', 'dependencies': OrderedDict({'carla_msgs': '/home/airlab/ros2_ws/install/carla_msgs'})}
[0.000680] (twist_to_carla_control) JobStarted: {'identifier': 'twist_to_carla_control'}
[0.008927] (twist_to_carla_control) JobEnded: {'identifier': 'twist_to_carla_control', 'rc': 1}
[0.019225] (-) EventReactorShutdown: {}
