[ 50%] [32mBuilding CXX object CMakeFiles/stanley_controller_node.dir/src/stanley_controller_node.cpp.o[0m
[01m[K/home/airlab/ros2_ws/src/stanley_controller/src/stanley_controller_node.cpp:[m[K In member function ‘[01m[Kvoid StanleyController::[01;32m[Kstanley_control[m[K()[m[K’:
[01m[K/home/airlab/ros2_ws/src/stanley_controller/src/stanley_controller_node.cpp:154:20:[m[K [01;35m[Kwarning: [m[Kunused variable ‘[01m[Klog_counter[m[K’ [[01;35m[K]8;;https://gcc.gnu.org/onlinedocs/gcc/Warning-Options.html#index-Wunused-variable-Wunused-variable]8;;[m[K]
  154 |         static int [01;35m[Klog_counter[m[K = 0;
      |                    [01;35m[K^~~~~~~~~~~[m[K
[01m[K/home/airlab/ros2_ws/src/stanley_controller/src/stanley_controller_node.cpp:[m[K In member function ‘[01m[Kdouble StanleyController::[01;32m[Kcalculate_cross_track_error[m[K(int)[m[K’:
[01m[K/home/airlab/ros2_ws/src/stanley_controller/src/stanley_controller_node.cpp:230:44:[m[K [01;31m[Kerror: [m[K‘[01m[Kusing geometry_msgs::msg::PoseStamped = struct geometry_msgs::msg::PoseStamped_<std::allocator<void> >[m[K’ {aka ‘[01m[Kstruct geometry_msgs::msg::PoseStamped_<std::allocator<void> >[m[K’} has no member named ‘[01m[Kposition[m[K’
  230 |         double dx = path_x - current_pose_.[01;31m[Kposition[m[K.x;
      |                                            [01;31m[K^~~~~~~~[m[K
[01m[K/home/airlab/ros2_ws/src/stanley_controller/src/stanley_controller_node.cpp:231:44:[m[K [01;31m[Kerror: [m[K‘[01m[Kusing geometry_msgs::msg::PoseStamped = struct geometry_msgs::msg::PoseStamped_<std::allocator<void> >[m[K’ {aka ‘[01m[Kstruct geometry_msgs::msg::PoseStamped_<std::allocator<void> >[m[K’} has no member named ‘[01m[Kposition[m[K’
  231 |         double dy = path_y - current_pose_.[01;31m[Kposition[m[K.y;
      |                                            [01;31m[K^~~~~~~~[m[K
[01m[K/home/airlab/ros2_ws/src/stanley_controller/src/stanley_controller_node.cpp:[m[K In member function ‘[01m[Kdouble StanleyController::[01;32m[Kcalculate_heading_error[m[K(int)[m[K’:
[01m[K/home/airlab/ros2_ws/src/stanley_controller/src/stanley_controller_node.cpp:245:9:[m[K [01;31m[Kerror: [m[K‘[01m[Kf2[m[K’ has not been declared
  245 |         [01;31m[Kf2[m[K::Quaternion q(
      |         [01;31m[K^~[m[K
[01m[K/home/airlab/ros2_ws/src/stanley_controller/src/stanley_controller_node.cpp:252:26:[m[K [01;31m[Kerror: [m[K‘[01m[Kq[m[K’ was not declared in this scope
  252 |         tf2::Matrix3x3 m([01;31m[Kq[m[K);
      |                          [01;31m[K^[m[K
[01m[K/home/airlab/ros2_ws/src/stanley_controller/src/stanley_controller_node.cpp:[m[K In member function ‘[01m[Kdouble StanleyController::[01;32m[Kcalculate_velocity[m[K(double)[m[K’:
[01m[K/home/airlab/ros2_ws/src/stanley_controller/src/stanley_controller_node.cpp:284:38:[m[K [01;35m[Kwarning: [m[Kunused parameter ‘[01m[Kdist_to_goal[m[K’ [[01;35m[K]8;;https://gcc.gnu.org/onlinedocs/gcc/Warning-Options.html#index-Wunused-parameter-Wunused-parameter]8;;[m[K]
  284 |     double calculate_velocity([01;35m[Kdouble dist_to_goal[m[K)
      |                               [01;35m[K~~~~~~~^~~~~~~~~~~~[m[K
[01m[K/home/airlab/ros2_ws/src/stanley_controller/src/stanley_controller_node.cpp:[m[K In member function ‘[01m[Kdouble StanleyController::[01;32m[Kdistance_to_point[m[K(double, double)[m[K’:
[01m[K/home/airlab/ros2_ws/src/stanley_controller/src/stanley_controller_node.cpp:327:35:[m[K [01;31m[Kerror: [m[K‘[01m[Kusing geometry_msgs::msg::PoseStamped = struct geometry_msgs::msg::PoseStamped_<std::allocator<void> >[m[K’ {aka ‘[01m[Kstruct geometry_msgs::msg::PoseStamped_<std::allocator<void> >[m[K’} has no member named ‘[01m[Kx[m[K’
  327 |         double dx = current_pose_.[01;31m[Kx[m[K - x;
      |                                   [01;31m[K^[m[K
[01m[K/home/airlab/ros2_ws/src/stanley_controller/src/stanley_controller_node.cpp:328:35:[m[K [01;31m[Kerror: [m[K‘[01m[Kusing geometry_msgs::msg::PoseStamped = struct geometry_msgs::msg::PoseStamped_<std::allocator<void> >[m[K’ {aka ‘[01m[Kstruct geometry_msgs::msg::PoseStamped_<std::allocator<void> >[m[K’} has no member named ‘[01m[Ky[m[K’
  328 |         double dy = current_pose_.[01;31m[Ky[m[K - y;
      |                                   [01;31m[K^[m[K
gmake[2]: *** [CMakeFiles/stanley_controller_node.dir/build.make:76: CMakeFiles/stanley_controller_node.dir/src/stanley_controller_node.cpp.o] Error 1
gmake[1]: *** [CMakeFiles/Makefile2:137: CMakeFiles/stanley_controller_node.dir/all] Error 2
gmake: *** [Makefile:146: all] Error 2
