running egg_info
creating ../../build/twist_carla_direct_control/twist_carla_direct_control.egg-info
writing ../../build/twist_carla_direct_control/twist_carla_direct_control.egg-info/PKG-INFO
writing dependency_links to ../../build/twist_carla_direct_control/twist_carla_direct_control.egg-info/dependency_links.txt
writing entry points to ../../build/twist_carla_direct_control/twist_carla_direct_control.egg-info/entry_points.txt
writing requirements to ../../build/twist_carla_direct_control/twist_carla_direct_control.egg-info/requires.txt
writing top-level names to ../../build/twist_carla_direct_control/twist_carla_direct_control.egg-info/top_level.txt
writing manifest file '../../build/twist_carla_direct_control/twist_carla_direct_control.egg-info/SOURCES.txt'
reading manifest file '../../build/twist_carla_direct_control/twist_carla_direct_control.egg-info/SOURCES.txt'
writing manifest file '../../build/twist_carla_direct_control/twist_carla_direct_control.egg-info/SOURCES.txt'
running build
running build_py
creating /home/airlab/ros2_ws/build/twist_carla_direct_control/build/lib/twist_carla_direct_control
copying twist_carla_direct_control/__init__.py -> /home/airlab/ros2_ws/build/twist_carla_direct_control/build/lib/twist_carla_direct_control
copying twist_carla_direct_control/twist_carla_controller.py -> /home/airlab/ros2_ws/build/twist_carla_direct_control/build/lib/twist_carla_direct_control
running install
running install_lib
creating /home/airlab/ros2_ws/install/twist_carla_direct_control/lib/python3.12/site-packages/twist_carla_direct_control
copying /home/airlab/ros2_ws/build/twist_carla_direct_control/build/lib/twist_carla_direct_control/__init__.py -> /home/airlab/ros2_ws/install/twist_carla_direct_control/lib/python3.12/site-packages/twist_carla_direct_control
copying /home/airlab/ros2_ws/build/twist_carla_direct_control/build/lib/twist_carla_direct_control/twist_carla_controller.py -> /home/airlab/ros2_ws/install/twist_carla_direct_control/lib/python3.12/site-packages/twist_carla_direct_control
byte-compiling /home/airlab/ros2_ws/install/twist_carla_direct_control/lib/python3.12/site-packages/twist_carla_direct_control/__init__.py to __init__.cpython-312.pyc
byte-compiling /home/airlab/ros2_ws/install/twist_carla_direct_control/lib/python3.12/site-packages/twist_carla_direct_control/twist_carla_controller.py to twist_carla_controller.cpython-312.pyc
running install_data
creating /home/airlab/ros2_ws/install/twist_carla_direct_control/share/ament_index/resource_index/packages
copying resource/twist_carla_direct_control -> /home/airlab/ros2_ws/install/twist_carla_direct_control/share/ament_index/resource_index/packages
copying package.xml -> /home/airlab/ros2_ws/install/twist_carla_direct_control/share/twist_carla_direct_control
creating /home/airlab/ros2_ws/install/twist_carla_direct_control/share/twist_carla_direct_control/launch
copying launch/twist_carla_control.launch.py -> /home/airlab/ros2_ws/install/twist_carla_direct_control/share/twist_carla_direct_control/launch
creating /home/airlab/ros2_ws/install/twist_carla_direct_control/share/twist_carla_direct_control/config
copying config/params.yaml -> /home/airlab/ros2_ws/install/twist_carla_direct_control/share/twist_carla_direct_control/config
running install_egg_info
Copying ../../build/twist_carla_direct_control/twist_carla_direct_control.egg-info to /home/airlab/ros2_ws/install/twist_carla_direct_control/lib/python3.12/site-packages/twist_carla_direct_control-1.0.0-py3.12.egg-info
running install_scripts
Installing twist_carla_controller script to /home/airlab/ros2_ws/install/twist_carla_direct_control/lib/twist_carla_direct_control
writing list of installed files to '/home/airlab/ros2_ws/build/twist_carla_direct_control/install.log'
