[0.407s] Invoking command in '/home/airlab/ros2_ws/src/twist_carla_direct_control': DEBUGINFOD_URLS=https://debuginfod.ubuntu.com PS1=(carla_venv) \[\e]0;\u@\h: \w\a\]${debian_chroot:+($debian_chroot)}\[\033[01;32m\]\u@\h\[\033[00m\]:\[\033[01;34m\]\w\[\033[00m\]\$ PYTHONPATH=/home/airlab/ros2_ws/build/twist_carla_direct_control/prefix_override:/usr/lib/python3/dist-packages/colcon_core/task/python/colcon_distutils_commands:/home/airlab/ros2_ws/install/twist_carla_direct_control/lib/python3.12/site-packages:${PYTHONPATH} VIRTUAL_ENV_PROMPT=(carla_venv) /usr/bin/python3 -W ignore:setup.py install is deprecated -W ignore:easy_install command is deprecated setup.py egg_info --egg-base ../../build/twist_carla_direct_control build --build-base /home/airlab/ros2_ws/build/twist_carla_direct_control/build install --record /home/airlab/ros2_ws/build/twist_carla_direct_control/install.log --install-scripts $base/lib/twist_carla_direct_control --single-version-externally-managed install_data
[0.486s] /home/airlab/carla/carla_venv/lib/python3.12/site-packages/setuptools/dist.py:599: SetuptoolsDeprecationWarning: Invalid dash-separated key 'script-dir' in 'develop' (setup.cfg), please use the underscore name 'script_dir' instead.
[0.487s] !!
[0.487s] 
[0.487s]         ********************************************************************************
[0.487s]         Usage of dash-separated 'script-dir' will not be supported in future
[0.487s]         versions. Please use the underscore name 'script_dir' instead.
[0.487s] 
[0.487s]         By 2026-Mar-03, you need to update your project and remove deprecated calls
[0.487s]         or your builds will no longer be supported.
[0.487s] 
[0.487s]         See https://setuptools.pypa.io/en/latest/userguide/declarative_config.html for details.
[0.487s]         ********************************************************************************
[0.487s] 
[0.487s] !!
[0.487s]   opt = self._enforce_underscore(opt, section)
[0.497s] /home/airlab/carla/carla_venv/lib/python3.12/site-packages/setuptools/_distutils/dist.py:289: UserWarning: Unknown distribution option: 'tests_require'
[0.497s]   warnings.warn(msg)
[0.517s] /home/airlab/carla/carla_venv/lib/python3.12/site-packages/setuptools/dist.py:599: SetuptoolsDeprecationWarning: Invalid dash-separated key 'script-dir' in 'develop' (setup.cfg), please use the underscore name 'script_dir' instead.
[0.517s] !!
[0.517s] 
[0.517s]         ********************************************************************************
[0.518s]         Usage of dash-separated 'script-dir' will not be supported in future
[0.518s]         versions. Please use the underscore name 'script_dir' instead.
[0.518s]         (Affected: twist_carla_direct_control).
[0.518s] 
[0.518s]         By 2026-Mar-03, you need to update your project and remove deprecated calls
[0.518s]         or your builds will no longer be supported.
[0.518s] 
[0.518s]         See https://setuptools.pypa.io/en/latest/userguide/declarative_config.html for details.
[0.518s]         ********************************************************************************
[0.518s] 
[0.518s] !!
[0.518s]   opt = self._enforce_underscore(opt, section)
[0.560s] running egg_info
[0.570s] creating ../../build/twist_carla_direct_control/twist_carla_direct_control.egg-info
[0.570s] writing ../../build/twist_carla_direct_control/twist_carla_direct_control.egg-info/PKG-INFO
[0.571s] writing dependency_links to ../../build/twist_carla_direct_control/twist_carla_direct_control.egg-info/dependency_links.txt
[0.571s] writing entry points to ../../build/twist_carla_direct_control/twist_carla_direct_control.egg-info/entry_points.txt
[0.571s] writing requirements to ../../build/twist_carla_direct_control/twist_carla_direct_control.egg-info/requires.txt
[0.571s] writing top-level names to ../../build/twist_carla_direct_control/twist_carla_direct_control.egg-info/top_level.txt
[0.571s] writing manifest file '../../build/twist_carla_direct_control/twist_carla_direct_control.egg-info/SOURCES.txt'
[0.592s] reading manifest file '../../build/twist_carla_direct_control/twist_carla_direct_control.egg-info/SOURCES.txt'
[0.592s] writing manifest file '../../build/twist_carla_direct_control/twist_carla_direct_control.egg-info/SOURCES.txt'
[0.592s] running build
[0.592s] running build_py
[0.592s] creating /home/airlab/ros2_ws/build/twist_carla_direct_control/build/lib/twist_carla_direct_control
[0.592s] copying twist_carla_direct_control/__init__.py -> /home/airlab/ros2_ws/build/twist_carla_direct_control/build/lib/twist_carla_direct_control
[0.592s] copying twist_carla_direct_control/twist_carla_controller.py -> /home/airlab/ros2_ws/build/twist_carla_direct_control/build/lib/twist_carla_direct_control
[0.600s] running install
[0.603s] running install_lib
[0.613s] creating /home/airlab/ros2_ws/install/twist_carla_direct_control/lib/python3.12/site-packages/twist_carla_direct_control
[0.613s] copying /home/airlab/ros2_ws/build/twist_carla_direct_control/build/lib/twist_carla_direct_control/__init__.py -> /home/airlab/ros2_ws/install/twist_carla_direct_control/lib/python3.12/site-packages/twist_carla_direct_control
[0.613s] copying /home/airlab/ros2_ws/build/twist_carla_direct_control/build/lib/twist_carla_direct_control/twist_carla_controller.py -> /home/airlab/ros2_ws/install/twist_carla_direct_control/lib/python3.12/site-packages/twist_carla_direct_control
[0.613s] byte-compiling /home/airlab/ros2_ws/install/twist_carla_direct_control/lib/python3.12/site-packages/twist_carla_direct_control/__init__.py to __init__.cpython-312.pyc
[0.614s] byte-compiling /home/airlab/ros2_ws/install/twist_carla_direct_control/lib/python3.12/site-packages/twist_carla_direct_control/twist_carla_controller.py to twist_carla_controller.cpython-312.pyc
[0.615s] running install_data
[0.615s] creating /home/airlab/ros2_ws/install/twist_carla_direct_control/share/ament_index/resource_index/packages
[0.615s] copying resource/twist_carla_direct_control -> /home/airlab/ros2_ws/install/twist_carla_direct_control/share/ament_index/resource_index/packages
[0.615s] copying package.xml -> /home/airlab/ros2_ws/install/twist_carla_direct_control/share/twist_carla_direct_control
[0.615s] creating /home/airlab/ros2_ws/install/twist_carla_direct_control/share/twist_carla_direct_control/launch
[0.615s] copying launch/twist_carla_control.launch.py -> /home/airlab/ros2_ws/install/twist_carla_direct_control/share/twist_carla_direct_control/launch
[0.615s] creating /home/airlab/ros2_ws/install/twist_carla_direct_control/share/twist_carla_direct_control/config
[0.615s] copying config/params.yaml -> /home/airlab/ros2_ws/install/twist_carla_direct_control/share/twist_carla_direct_control/config
[0.615s] running install_egg_info
[0.626s] Copying ../../build/twist_carla_direct_control/twist_carla_direct_control.egg-info to /home/airlab/ros2_ws/install/twist_carla_direct_control/lib/python3.12/site-packages/twist_carla_direct_control-1.0.0-py3.12.egg-info
[0.627s] running install_scripts
[0.653s] Installing twist_carla_controller script to /home/airlab/ros2_ws/install/twist_carla_direct_control/lib/twist_carla_direct_control
[0.653s] writing list of installed files to '/home/airlab/ros2_ws/build/twist_carla_direct_control/install.log'
[0.666s] Invoked command in '/home/airlab/ros2_ws/src/twist_carla_direct_control' returned '0': DEBUGINFOD_URLS=https://debuginfod.ubuntu.com PS1=(carla_venv) \[\e]0;\u@\h: \w\a\]${debian_chroot:+($debian_chroot)}\[\033[01;32m\]\u@\h\[\033[00m\]:\[\033[01;34m\]\w\[\033[00m\]\$ PYTHONPATH=/home/airlab/ros2_ws/build/twist_carla_direct_control/prefix_override:/usr/lib/python3/dist-packages/colcon_core/task/python/colcon_distutils_commands:/home/airlab/ros2_ws/install/twist_carla_direct_control/lib/python3.12/site-packages:${PYTHONPATH} VIRTUAL_ENV_PROMPT=(carla_venv) /usr/bin/python3 -W ignore:setup.py install is deprecated -W ignore:easy_install command is deprecated setup.py egg_info --egg-base ../../build/twist_carla_direct_control build --build-base /home/airlab/ros2_ws/build/twist_carla_direct_control/build install --record /home/airlab/ros2_ws/build/twist_carla_direct_control/install.log --install-scripts $base/lib/twist_carla_direct_control --single-version-externally-managed install_data
