[0.010s] Invoking command in '/home/airlab/ros2_ws/build/twist_to_carla_control': CMAKE_PREFIX_PATH=/home/airlab/ros2_ws/install/carla_msgs:/home/airlab/ros2_ws/install/twist_to_carla_control:/opt/ros/jazzy/opt/gz_sim_vendor:/opt/ros/jazzy/opt/gz_sensors_vendor:/opt/ros/jazzy/opt/gz_physics_vendor:/opt/ros/jazzy/opt/sdformat_vendor:/opt/ros/jazzy/opt/gz_gui_vendor:/opt/ros/jazzy/opt/gz_transport_vendor:/opt/ros/jazzy/opt/gz_rendering_vendor:/opt/ros/jazzy/opt/gz_plugin_vendor:/opt/ros/jazzy/opt/gz_fuel_tools_vendor:/opt/ros/jazzy/opt/gz_msgs_vendor:/opt/ros/jazzy/opt/gz_common_vendor:/opt/ros/jazzy/opt/gz_math_vendor:/opt/ros/jazzy/opt/gz_utils_vendor:/opt/ros/jazzy/opt/gz_tools_vendor:/opt/ros/jazzy/opt/gz_ogre_next_vendor:/opt/ros/jazzy/opt/gz_dartsim_vendor:/opt/ros/jazzy/opt/gz_cmake_vendor:/opt/ros/jazzy DEBUGINFOD_URLS=https://debuginfod.ubuntu.com /usr/bin/cmake --build /home/airlab/ros2_ws/build/twist_to_carla_control -- -j32 -l32
[0.059s] [ 50%] [32mBuilding CXX object CMakeFiles/twist_to_carla_control_node.dir/src/twist_to_carla_control.cpp.o[0m
[3.826s] [100%] [32m[1mLinking CXX executable twist_to_carla_control_node[0m
[3.989s] [100%] Built target twist_to_carla_control_node
[3.996s] Invoked command in '/home/airlab/ros2_ws/build/twist_to_carla_control' returned '0': CMAKE_PREFIX_PATH=/home/airlab/ros2_ws/install/carla_msgs:/home/airlab/ros2_ws/install/twist_to_carla_control:/opt/ros/jazzy/opt/gz_sim_vendor:/opt/ros/jazzy/opt/gz_sensors_vendor:/opt/ros/jazzy/opt/gz_physics_vendor:/opt/ros/jazzy/opt/sdformat_vendor:/opt/ros/jazzy/opt/gz_gui_vendor:/opt/ros/jazzy/opt/gz_transport_vendor:/opt/ros/jazzy/opt/gz_rendering_vendor:/opt/ros/jazzy/opt/gz_plugin_vendor:/opt/ros/jazzy/opt/gz_fuel_tools_vendor:/opt/ros/jazzy/opt/gz_msgs_vendor:/opt/ros/jazzy/opt/gz_common_vendor:/opt/ros/jazzy/opt/gz_math_vendor:/opt/ros/jazzy/opt/gz_utils_vendor:/opt/ros/jazzy/opt/gz_tools_vendor:/opt/ros/jazzy/opt/gz_ogre_next_vendor:/opt/ros/jazzy/opt/gz_dartsim_vendor:/opt/ros/jazzy/opt/gz_cmake_vendor:/opt/ros/jazzy DEBUGINFOD_URLS=https://debuginfod.ubuntu.com /usr/bin/cmake --build /home/airlab/ros2_ws/build/twist_to_carla_control -- -j32 -l32
[4.004s] Invoking command in '/home/airlab/ros2_ws/build/twist_to_carla_control': CMAKE_PREFIX_PATH=/home/airlab/ros2_ws/install/carla_msgs:/home/airlab/ros2_ws/install/twist_to_carla_control:/opt/ros/jazzy/opt/gz_sim_vendor:/opt/ros/jazzy/opt/gz_sensors_vendor:/opt/ros/jazzy/opt/gz_physics_vendor:/opt/ros/jazzy/opt/sdformat_vendor:/opt/ros/jazzy/opt/gz_gui_vendor:/opt/ros/jazzy/opt/gz_transport_vendor:/opt/ros/jazzy/opt/gz_rendering_vendor:/opt/ros/jazzy/opt/gz_plugin_vendor:/opt/ros/jazzy/opt/gz_fuel_tools_vendor:/opt/ros/jazzy/opt/gz_msgs_vendor:/opt/ros/jazzy/opt/gz_common_vendor:/opt/ros/jazzy/opt/gz_math_vendor:/opt/ros/jazzy/opt/gz_utils_vendor:/opt/ros/jazzy/opt/gz_tools_vendor:/opt/ros/jazzy/opt/gz_ogre_next_vendor:/opt/ros/jazzy/opt/gz_dartsim_vendor:/opt/ros/jazzy/opt/gz_cmake_vendor:/opt/ros/jazzy DEBUGINFOD_URLS=https://debuginfod.ubuntu.com /usr/bin/cmake --install /home/airlab/ros2_ws/build/twist_to_carla_control
[4.009s] -- Install configuration: ""
[4.009s] -- Installing: /home/airlab/ros2_ws/install/twist_to_carla_control/lib/twist_to_carla_control/twist_to_carla_control_node
[4.012s] -- Set non-toolchain portion of runtime path of "/home/airlab/ros2_ws/install/twist_to_carla_control/lib/twist_to_carla_control/twist_to_carla_control_node" to ""
[4.012s] -- Up-to-date: /home/airlab/ros2_ws/install/twist_to_carla_control/share/twist_to_carla_control/launch
[4.012s] -- Up-to-date: /home/airlab/ros2_ws/install/twist_to_carla_control/share/twist_to_carla_control/launch/twist_to_carla.launch.py
[4.012s] -- Up-to-date: /home/airlab/ros2_ws/install/twist_to_carla_control/share/ament_index/resource_index/package_run_dependencies/twist_to_carla_control
[4.012s] -- Up-to-date: /home/airlab/ros2_ws/install/twist_to_carla_control/share/ament_index/resource_index/parent_prefix_path/twist_to_carla_control
[4.012s] -- Up-to-date: /home/airlab/ros2_ws/install/twist_to_carla_control/share/twist_to_carla_control/environment/ament_prefix_path.sh
[4.012s] -- Up-to-date: /home/airlab/ros2_ws/install/twist_to_carla_control/share/twist_to_carla_control/environment/ament_prefix_path.dsv
[4.012s] -- Up-to-date: /home/airlab/ros2_ws/install/twist_to_carla_control/share/twist_to_carla_control/environment/path.sh
[4.012s] -- Up-to-date: /home/airlab/ros2_ws/install/twist_to_carla_control/share/twist_to_carla_control/environment/path.dsv
[4.012s] -- Up-to-date: /home/airlab/ros2_ws/install/twist_to_carla_control/share/twist_to_carla_control/local_setup.bash
[4.012s] -- Up-to-date: /home/airlab/ros2_ws/install/twist_to_carla_control/share/twist_to_carla_control/local_setup.sh
[4.012s] -- Up-to-date: /home/airlab/ros2_ws/install/twist_to_carla_control/share/twist_to_carla_control/local_setup.zsh
[4.012s] -- Up-to-date: /home/airlab/ros2_ws/install/twist_to_carla_control/share/twist_to_carla_control/local_setup.dsv
[4.012s] -- Installing: /home/airlab/ros2_ws/install/twist_to_carla_control/share/twist_to_carla_control/package.dsv
[4.012s] -- Up-to-date: /home/airlab/ros2_ws/install/twist_to_carla_control/share/ament_index/resource_index/packages/twist_to_carla_control
[4.012s] -- Up-to-date: /home/airlab/ros2_ws/install/twist_to_carla_control/share/twist_to_carla_control/cmake/twist_to_carla_controlConfig.cmake
[4.012s] -- Up-to-date: /home/airlab/ros2_ws/install/twist_to_carla_control/share/twist_to_carla_control/cmake/twist_to_carla_controlConfig-version.cmake
[4.012s] -- Up-to-date: /home/airlab/ros2_ws/install/twist_to_carla_control/share/twist_to_carla_control/package.xml
[4.013s] Invoked command in '/home/airlab/ros2_ws/build/twist_to_carla_control' returned '0': CMAKE_PREFIX_PATH=/home/airlab/ros2_ws/install/carla_msgs:/home/airlab/ros2_ws/install/twist_to_carla_control:/opt/ros/jazzy/opt/gz_sim_vendor:/opt/ros/jazzy/opt/gz_sensors_vendor:/opt/ros/jazzy/opt/gz_physics_vendor:/opt/ros/jazzy/opt/sdformat_vendor:/opt/ros/jazzy/opt/gz_gui_vendor:/opt/ros/jazzy/opt/gz_transport_vendor:/opt/ros/jazzy/opt/gz_rendering_vendor:/opt/ros/jazzy/opt/gz_plugin_vendor:/opt/ros/jazzy/opt/gz_fuel_tools_vendor:/opt/ros/jazzy/opt/gz_msgs_vendor:/opt/ros/jazzy/opt/gz_common_vendor:/opt/ros/jazzy/opt/gz_math_vendor:/opt/ros/jazzy/opt/gz_utils_vendor:/opt/ros/jazzy/opt/gz_tools_vendor:/opt/ros/jazzy/opt/gz_ogre_next_vendor:/opt/ros/jazzy/opt/gz_dartsim_vendor:/opt/ros/jazzy/opt/gz_cmake_vendor:/opt/ros/jazzy DEBUGINFOD_URLS=https://debuginfod.ubuntu.com /usr/bin/cmake --install /home/airlab/ros2_ws/build/twist_to_carla_control
