[0.398s] Invoking command in '/home/airlab/ros2_ws/src/carla_map_gen': DEBUGINFOD_URLS=https://debuginfod.ubuntu.com PYTHONPATH=/home/airlab/ros2_ws/build/carla_map_gen/prefix_override:/usr/lib/python3/dist-packages/colcon_core/task/python/colcon_distutils_commands:/home/airlab/ros2_ws/install/carla_map_gen/lib/python3.12/site-packages:${PYTHONPATH} /usr/bin/python3 -W ignore:setup.py install is deprecated -W ignore:easy_install command is deprecated setup.py egg_info --egg-base ../../build/carla_map_gen build --build-base /home/airlab/ros2_ws/build/carla_map_gen/build install --record /home/airlab/ros2_ws/build/carla_map_gen/install.log --single-version-externally-managed install_data
[0.563s] running egg_info
[0.577s] writing ../../build/carla_map_gen/carla_map_gen.egg-info/PKG-INFO
[0.577s] writing dependency_links to ../../build/carla_map_gen/carla_map_gen.egg-info/dependency_links.txt
[0.577s] writing entry points to ../../build/carla_map_gen/carla_map_gen.egg-info/entry_points.txt
[0.577s] writing requirements to ../../build/carla_map_gen/carla_map_gen.egg-info/requires.txt
[0.577s] writing top-level names to ../../build/carla_map_gen/carla_map_gen.egg-info/top_level.txt
[0.600s] reading manifest file '../../build/carla_map_gen/carla_map_gen.egg-info/SOURCES.txt'
[0.600s] writing manifest file '../../build/carla_map_gen/carla_map_gen.egg-info/SOURCES.txt'
[0.600s] running build
[0.600s] running build_py
[0.601s] copying carla_map_gen/__init__.py -> /home/airlab/ros2_ws/build/carla_map_gen/build/lib/carla_map_gen
[0.601s] copying carla_map_gen/map_node.py -> /home/airlab/ros2_ws/build/carla_map_gen/build/lib/carla_map_gen
[0.601s] running install
[0.603s] running install_lib
[0.617s] copying /home/airlab/ros2_ws/build/carla_map_gen/build/lib/carla_map_gen/map_node.py -> /home/airlab/ros2_ws/install/carla_map_gen/lib/python3.12/site-packages/carla_map_gen
[0.617s] byte-compiling /home/airlab/ros2_ws/install/carla_map_gen/lib/python3.12/site-packages/carla_map_gen/map_node.py to map_node.cpython-312.pyc
[0.618s] running install_data
[0.618s] copying resource/carla_map_gen -> /home/airlab/ros2_ws/install/carla_map_gen/share/ament_index/resource_index/packages
[0.619s] copying package.xml -> /home/airlab/ros2_ws/install/carla_map_gen/share/carla_map_gen
[0.619s] running install_egg_info
[0.634s] removing '/home/airlab/ros2_ws/install/carla_map_gen/lib/python3.12/site-packages/carla_map_gen-0.0.0-py3.12.egg-info' (and everything under it)
[0.634s] Copying ../../build/carla_map_gen/carla_map_gen.egg-info to /home/airlab/ros2_ws/install/carla_map_gen/lib/python3.12/site-packages/carla_map_gen-0.0.0-py3.12.egg-info
[0.634s] running install_scripts
[0.659s] Installing map_node script to /home/airlab/ros2_ws/install/carla_map_gen/lib/carla_map_gen
[0.660s] writing list of installed files to '/home/airlab/ros2_ws/build/carla_map_gen/install.log'
[0.672s] Invoked command in '/home/airlab/ros2_ws/src/carla_map_gen' returned '0': DEBUGINFOD_URLS=https://debuginfod.ubuntu.com PYTHONPATH=/home/airlab/ros2_ws/build/carla_map_gen/prefix_override:/usr/lib/python3/dist-packages/colcon_core/task/python/colcon_distutils_commands:/home/airlab/ros2_ws/install/carla_map_gen/lib/python3.12/site-packages:${PYTHONPATH} /usr/bin/python3 -W ignore:setup.py install is deprecated -W ignore:easy_install command is deprecated setup.py egg_info --egg-base ../../build/carla_map_gen build --build-base /home/airlab/ros2_ws/build/carla_map_gen/build install --record /home/airlab/ros2_ws/build/carla_map_gen/install.log --single-version-externally-managed install_data
