[0.000000] (-) TimerEvent: {}
[0.000258] (-) JobUnselected: {'identifier': 'camera'}
[0.000329] (-) JobUnselected: {'identifier': 'carla_ackermann_control'}
[0.000387] (-) JobUnselected: {'identifier': 'carla_ackermann_msgs'}
[0.000405] (-) JobUnselected: {'identifier': 'carla_ad_agent'}
[0.000411] (-) JobUnselected: {'identifier': 'carla_ad_demo'}
[0.000418] (-) JobUnselected: {'identifier': 'carla_common'}
[0.000423] (-) JobUnselected: {'identifier': 'carla_lidar_saver'}
[0.000428] (-) JobUnselected: {'identifier': 'carla_manual_control'}
[0.000433] (-) JobUnselected: {'identifier': 'carla_msgs'}
[0.000438] (-) JobUnselected: {'identifier': 'carla_ros_bridge'}
[0.000443] (-) JobUnselected: {'identifier': 'carla_ros_scenario_runner'}
[0.000448] (-) JobUnselected: {'identifier': 'carla_ros_scenario_runner_types'}
[0.000454] (-) JobUnselected: {'identifier': 'carla_spawn_objects'}
[0.000459] (-) JobUnselected: {'identifier': 'carla_twist_to_control'}
[0.000464] (-) JobUnselected: {'identifier': 'carla_walker_agent'}
[0.000470] (-) JobUnselected: {'identifier': 'carla_waypoint_publisher'}
[0.000475] (-) JobUnselected: {'identifier': 'carla_waypoint_types'}
[0.000480] (-) JobUnselected: {'identifier': 'dynamixel_sdk'}
[0.000485] (-) JobUnselected: {'identifier': 'dynamixel_sdk_custom_interfaces'}
[0.000496] (-) JobUnselected: {'identifier': 'dynamixel_sdk_examples'}
[0.000501] (-) JobUnselected: {'identifier': 'dynamixel_workbench_msgs'}
[0.000506] (-) JobUnselected: {'identifier': 'dynamixel_workbench_operators'}
[0.000511] (-) JobUnselected: {'identifier': 'lidar_cv_visualizer'}
[0.000516] (-) JobUnselected: {'identifier': 'open3d_ros2_node'}
[0.000522] (-) JobUnselected: {'identifier': 'pcl_recorder'}
[0.000527] (-) JobUnselected: {'identifier': 'ros_compatibility'}
[0.000532] (-) JobUnselected: {'identifier': 'rqt_carla_control'}
[0.000537] (-) JobUnselected: {'identifier': 'rviz_carla_plugin'}
[0.000542] (-) JobUnselected: {'identifier': 'twist_carla_direct_control'}
[0.000547] (-) JobUnselected: {'identifier': 'twist_to_carla_control'}
[0.000553] (carla_twist_launch) JobQueued: {'identifier': 'carla_twist_launch', 'dependencies': OrderedDict({'twist_carla_direct_control': '/home/airlab/ros2_ws/install/twist_carla_direct_control'})}
[0.000565] (carla_twist_launch) JobStarted: {'identifier': 'carla_twist_launch'}
[0.006692] (carla_twist_launch) JobEnded: {'identifier': 'carla_twist_launch', 'rc': 1}
[0.016980] (-) EventReactorShutdown: {}
