[0.006s] Invoking command in '/home/airlab/ros2_ws/build/stanley_controller': CMAKE_PREFIX_PATH=${CMAKE_PREFIX_PATH}:/home/airlab/ros2_ws/install/carla_state_publisher:/home/airlab/ros2_ws/install/carla_path_planner:/home/airlab/ros2_ws/install/carla_map_gen:/opt/ros/jazzy DEBUGINFOD_URLS=https://debuginfod.ubuntu.com /usr/bin/cmake --build /home/airlab/ros2_ws/build/stanley_controller -- -j32 -l32
[0.058s] [ 50%] [32mBuilding CXX object CMakeFiles/stanley_controller_node.dir/src/stanley_controller_node.cpp.o[0m
[1.386s] [01m[K/home/airlab/ros2_ws/src/stanley_controller/src/stanley_controller_node.cpp:[m[K In member function ‘[01m[Kvoid StanleyController::[01;32m[Kstanley_control[m[K()[m[K’:
[1.386s] [01m[K/home/airlab/ros2_ws/src/stanley_controller/src/stanley_controller_node.cpp:154:20:[m[K [01;35m[Kwarning: [m[Kunused variable ‘[01m[Klog_counter[m[K’ [[01;35m[K]8;;https://gcc.gnu.org/onlinedocs/gcc/Warning-Options.html#index-Wunused-variable-Wunused-variable]8;;[m[K]
[1.386s]   154 |         static int [01;35m[Klog_counter[m[K = 0;
[1.387s]       |                    [01;35m[K^~~~~~~~~~~[m[K
[1.387s] [01m[K/home/airlab/ros2_ws/src/stanley_controller/src/stanley_controller_node.cpp:[m[K In member function ‘[01m[Kdouble StanleyController::[01;32m[Kcalculate_cross_track_error[m[K(int)[m[K’:
[1.387s] [01m[K/home/airlab/ros2_ws/src/stanley_controller/src/stanley_controller_node.cpp:230:44:[m[K [01;31m[Kerror: [m[K‘[01m[Kusing geometry_msgs::msg::PoseStamped = struct geometry_msgs::msg::PoseStamped_<std::allocator<void> >[m[K’ {aka ‘[01m[Kstruct geometry_msgs::msg::PoseStamped_<std::allocator<void> >[m[K’} has no member named ‘[01m[Kx[m[K’
[1.387s]   230 |         double dx = path_x - current_pose_.[01;31m[Kx[m[K;
[1.387s]       |                                            [01;31m[K^[m[K
[1.387s] [01m[K/home/airlab/ros2_ws/src/stanley_controller/src/stanley_controller_node.cpp:231:44:[m[K [01;31m[Kerror: [m[K‘[01m[Kusing geometry_msgs::msg::PoseStamped = struct geometry_msgs::msg::PoseStamped_<std::allocator<void> >[m[K’ {aka ‘[01m[Kstruct geometry_msgs::msg::PoseStamped_<std::allocator<void> >[m[K’} has no member named ‘[01m[Ky[m[K’
[1.387s]   231 |         double dy = path_y - current_pose_.[01;31m[Ky[m[K;
[1.387s]       |                                            [01;31m[K^[m[K
[1.387s] [01m[K/home/airlab/ros2_ws/src/stanley_controller/src/stanley_controller_node.cpp:[m[K In member function ‘[01m[Kdouble StanleyController::[01;32m[Kcalculate_heading_error[m[K(int)[m[K’:
[1.387s] [01m[K/home/airlab/ros2_ws/src/stanley_controller/src/stanley_controller_node.cpp:247:73:[m[K [01;31m[Kerror: [m[K‘[01m[Kusing geometry_msgs::msg::PoseStamped = struct geometry_msgs::msg::PoseStamped_<std::allocator<void> >[m[K’ {aka ‘[01m[Kstruct geometry_msgs::msg::PoseStamped_<std::allocator<void> >[m[K’} has no member named ‘[01m[Ktheta[m[K’
[1.387s]   247 | double heading_error = normalize_angle(path_yaw - current_pose_.[01;31m[Ktheta[m[K);
[1.387s]       |                                                                 [01;31m[K^~~~~[m[K
[1.387s] 
[1.387s] [01m[K/home/airlab/ros2_ws/src/stanley_controller/src/stanley_controller_node.cpp:[m[K In member function ‘[01m[Kdouble StanleyController::[01;32m[Kcalculate_velocity[m[K(double)[m[K’:
[1.387s] [01m[K/home/airlab/ros2_ws/src/stanley_controller/src/stanley_controller_node.cpp:272:38:[m[K [01;35m[Kwarning: [m[Kunused parameter ‘[01m[Kdist_to_goal[m[K’ [[01;35m[K]8;;https://gcc.gnu.org/onlinedocs/gcc/Warning-Options.html#index-Wunused-parameter-Wunused-parameter]8;;[m[K]
[1.388s]   272 |     double calculate_velocity([01;35m[Kdouble dist_to_goal[m[K)
[1.388s]       |                               [01;35m[K~~~~~~~^~~~~~~~~~~~[m[K
[1.388s] [01m[K/home/airlab/ros2_ws/src/stanley_controller/src/stanley_controller_node.cpp:[m[K In member function ‘[01m[Kdouble StanleyController::[01;32m[Kdistance_to_point[m[K(double, double)[m[K’:
[1.388s] [01m[K/home/airlab/ros2_ws/src/stanley_controller/src/stanley_controller_node.cpp:315:35:[m[K [01;31m[Kerror: [m[K‘[01m[Kusing geometry_msgs::msg::PoseStamped = struct geometry_msgs::msg::PoseStamped_<std::allocator<void> >[m[K’ {aka ‘[01m[Kstruct geometry_msgs::msg::PoseStamped_<std::allocator<void> >[m[K’} has no member named ‘[01m[Kx[m[K’
[1.388s]   315 |         double dx = current_pose_.[01;31m[Kx[m[K - x;
[1.388s]       |                                   [01;31m[K^[m[K
[1.388s] [01m[K/home/airlab/ros2_ws/src/stanley_controller/src/stanley_controller_node.cpp:316:35:[m[K [01;31m[Kerror: [m[K‘[01m[Kusing geometry_msgs::msg::PoseStamped = struct geometry_msgs::msg::PoseStamped_<std::allocator<void> >[m[K’ {aka ‘[01m[Kstruct geometry_msgs::msg::PoseStamped_<std::allocator<void> >[m[K’} has no member named ‘[01m[Ky[m[K’
[1.388s]   316 |         double dy = current_pose_.[01;31m[Ky[m[K - y;
[1.388s]       |                                   [01;31m[K^[m[K
[3.139s] gmake[2]: *** [CMakeFiles/stanley_controller_node.dir/build.make:76: CMakeFiles/stanley_controller_node.dir/src/stanley_controller_node.cpp.o] Error 1
[3.139s] gmake[1]: *** [CMakeFiles/Makefile2:137: CMakeFiles/stanley_controller_node.dir/all] Error 2
[3.139s] gmake: *** [Makefile:146: all] Error 2
[3.140s] Invoked command in '/home/airlab/ros2_ws/build/stanley_controller' returned '2': CMAKE_PREFIX_PATH=${CMAKE_PREFIX_PATH}:/home/airlab/ros2_ws/install/carla_state_publisher:/home/airlab/ros2_ws/install/carla_path_planner:/home/airlab/ros2_ws/install/carla_map_gen:/opt/ros/jazzy DEBUGINFOD_URLS=https://debuginfod.ubuntu.com /usr/bin/cmake --build /home/airlab/ros2_ws/build/stanley_controller -- -j32 -l32
