-- The C compiler identification is GNU 13.3.0
-- The CXX compiler identification is GNU 13.3.0
-- Detecting C compiler ABI info
-- Detecting C compiler ABI info - done
-- Check for working C compiler: /usr/bin/cc - skipped
-- Detecting C compile features
-- Detecting C compile features - done
-- Detecting CXX compiler ABI info
-- Detecting CXX compiler ABI info - done
-- Check for working CXX compiler: /usr/bin/c++ - skipped
-- Detecting CXX compile features
-- Detecting CXX compile features - done
-- Found ament_cmake: 2.5.4 (/opt/ros/jazzy/share/ament_cmake/cmake)
-- Found Python3: /usr/bin/python3 (found version "3.12.3") found components: Interpreter 
-- Found rclcpp: 28.1.13 (/opt/ros/jazzy/share/rclcpp/cmake)
-- Found rosidl_generator_c: 4.6.6 (/opt/ros/jazzy/share/rosidl_generator_c/cmake)
-- Found rosidl_generator_cpp: 4.6.6 (/opt/ros/jazzy/share/rosidl_generator_cpp/cmake)
-- Using all available rosidl_typesupport_c: rosidl_typesupport_fastrtps_c;rosidl_typesupport_introspection_c
-- Using all available rosidl_typesupport_cpp: rosidl_typesupport_fastrtps_cpp;rosidl_typesupport_introspection_cpp
-- Found rmw_implementation_cmake: 7.3.2 (/opt/ros/jazzy/share/rmw_implementation_cmake/cmake)
-- Found rmw_fastrtps_cpp: 8.4.3 (/opt/ros/jazzy/share/rmw_fastrtps_cpp/cmake)
-- Found OpenSSL: /usr/lib/x86_64-linux-gnu/libcrypto.so (found version "3.0.13")  
-- Found FastRTPS: /opt/ros/jazzy/include (Required is at least version "2.13") 
-- Using RMW implementation 'rmw_fastrtps_cpp' as default
-- Found geometry_msgs: 5.3.6 (/opt/ros/jazzy/share/geometry_msgs/cmake)
-- Found dynamixel_sdk: 4.0.3 (/home/airlab/ros2_ws/install/dynamixel_sdk/share/dynamixel_sdk/cmake)
-- Found ament_lint_auto: 0.17.3 (/opt/ros/jazzy/share/ament_lint_auto/cmake)
-- Added test 'copyright' to check source files copyright and LICENSE
-- Added test 'cppcheck' to perform static code analysis on C / C++ code
-- Configured cppcheck include dirs: /home/airlab/ros2_ws/src/dynamixel_workbench_operators/include
-- Configured cppcheck exclude dirs and/or files: 
-- Added test 'cpplint' to check C / C++ code against the Google style
-- Configured cpplint exclude dirs and/or files: 
-- Added test 'lint_cmake' to check CMake code style
-- Added test 'uncrustify' to check C / C++ code style
-- Configured uncrustify additional arguments: 
-- Added test 'xmllint' to check XML markup files
-- Configuring done (0.8s)
-- Generating done (0.0s)
-- Build files have been written to: /home/airlab/ros2_ws/build/dynamixel_workbench_operators
[ 50%] [32mBuilding CXX object CMakeFiles/dynamixel_workbench_operators.dir/src/wheel_operator.cpp.o[0m
[100%] [32m[1mLinking CXX executable dynamixel_workbench_operators[0m
[100%] Built target dynamixel_workbench_operators
-- Install configuration: ""
-- Installing: /home/airlab/ros2_ws/install/dynamixel_workbench_operators/lib/dynamixel_workbench_operators/dynamixel_workbench_operators
-- Set non-toolchain portion of runtime path of "/home/airlab/ros2_ws/install/dynamixel_workbench_operators/lib/dynamixel_workbench_operators/dynamixel_workbench_operators" to ""
-- Installing: /home/airlab/ros2_ws/install/dynamixel_workbench_operators/share/ament_index/resource_index/package_run_dependencies/dynamixel_workbench_operators
-- Installing: /home/airlab/ros2_ws/install/dynamixel_workbench_operators/share/ament_index/resource_index/parent_prefix_path/dynamixel_workbench_operators
-- Installing: /home/airlab/ros2_ws/install/dynamixel_workbench_operators/share/dynamixel_workbench_operators/environment/ament_prefix_path.sh
-- Installing: /home/airlab/ros2_ws/install/dynamixel_workbench_operators/share/dynamixel_workbench_operators/environment/ament_prefix_path.dsv
-- Installing: /home/airlab/ros2_ws/install/dynamixel_workbench_operators/share/dynamixel_workbench_operators/environment/path.sh
-- Installing: /home/airlab/ros2_ws/install/dynamixel_workbench_operators/share/dynamixel_workbench_operators/environment/path.dsv
-- Installing: /home/airlab/ros2_ws/install/dynamixel_workbench_operators/share/dynamixel_workbench_operators/local_setup.bash
-- Installing: /home/airlab/ros2_ws/install/dynamixel_workbench_operators/share/dynamixel_workbench_operators/local_setup.sh
-- Installing: /home/airlab/ros2_ws/install/dynamixel_workbench_operators/share/dynamixel_workbench_operators/local_setup.zsh
-- Installing: /home/airlab/ros2_ws/install/dynamixel_workbench_operators/share/dynamixel_workbench_operators/local_setup.dsv
-- Installing: /home/airlab/ros2_ws/install/dynamixel_workbench_operators/share/dynamixel_workbench_operators/package.dsv
-- Installing: /home/airlab/ros2_ws/install/dynamixel_workbench_operators/share/ament_index/resource_index/packages/dynamixel_workbench_operators
-- Installing: /home/airlab/ros2_ws/install/dynamixel_workbench_operators/share/dynamixel_workbench_operators/cmake/dynamixel_workbench_operatorsConfig.cmake
-- Installing: /home/airlab/ros2_ws/install/dynamixel_workbench_operators/share/dynamixel_workbench_operators/cmake/dynamixel_workbench_operatorsConfig-version.cmake
-- Installing: /home/airlab/ros2_ws/install/dynamixel_workbench_operators/share/dynamixel_workbench_operators/package.xml
