running egg_info
writing ../../build/carla_state_publisher/carla_state_publisher.egg-info/PKG-INFO
writing dependency_links to ../../build/carla_state_publisher/carla_state_publisher.egg-info/dependency_links.txt
writing entry points to ../../build/carla_state_publisher/carla_state_publisher.egg-info/entry_points.txt
writing requirements to ../../build/carla_state_publisher/carla_state_publisher.egg-info/requires.txt
writing top-level names to ../../build/carla_state_publisher/carla_state_publisher.egg-info/top_level.txt
reading manifest file '../../build/carla_state_publisher/carla_state_publisher.egg-info/SOURCES.txt'
writing manifest file '../../build/carla_state_publisher/carla_state_publisher.egg-info/SOURCES.txt'
running build
running build_py
copying carla_state_publisher/__init__.py -> /home/airlab/ros2_ws/build/carla_state_publisher/build/lib/carla_state_publisher
copying carla_state_publisher/publisher_node.py -> /home/airlab/ros2_ws/build/carla_state_publisher/build/lib/carla_state_publisher
running install
running install_lib
running install_data
copying resource/carla_state_publisher -> /home/airlab/ros2_ws/install/carla_state_publisher/share/ament_index/resource_index/packages
copying package.xml -> /home/airlab/ros2_ws/install/carla_state_publisher/share/carla_state_publisher
running install_egg_info
removing '/home/airlab/ros2_ws/install/carla_state_publisher/lib/python3.12/site-packages/carla_state_publisher-0.0.0-py3.12.egg-info' (and everything under it)
Copying ../../build/carla_state_publisher/carla_state_publisher.egg-info to /home/airlab/ros2_ws/install/carla_state_publisher/lib/python3.12/site-packages/carla_state_publisher-0.0.0-py3.12.egg-info
running install_scripts
Installing publisher_node script to /home/airlab/ros2_ws/install/carla_state_publisher/lib/carla_state_publisher
writing list of installed files to '/home/airlab/ros2_ws/build/carla_state_publisher/install.log'
