[0.489s] Invoking command in '/home/airlab/ros2_ws/src/stanley_control': DEBUGINFOD_URLS=https://debuginfod.ubuntu.com PYTHONPATH=/home/airlab/ros2_ws/build/stanley_control/prefix_override:/usr/lib/python3/dist-packages/colcon_core/task/python/colcon_distutils_commands:/home/airlab/ros2_ws/install/stanley_control/lib/python3.12/site-packages:${PYTHONPATH} /usr/bin/python3 -W ignore:setup.py install is deprecated -W ignore:easy_install command is deprecated setup.py egg_info --egg-base ../../build/stanley_control build --build-base /home/airlab/ros2_ws/build/stanley_control/build install --record /home/airlab/ros2_ws/build/stanley_control/install.log --single-version-externally-managed install_data
[0.688s] running egg_info
[0.703s] writing ../../build/stanley_control/stanley_control.egg-info/PKG-INFO
[0.703s] writing dependency_links to ../../build/stanley_control/stanley_control.egg-info/dependency_links.txt
[0.703s] writing entry points to ../../build/stanley_control/stanley_control.egg-info/entry_points.txt
[0.703s] writing requirements to ../../build/stanley_control/stanley_control.egg-info/requires.txt
[0.703s] writing top-level names to ../../build/stanley_control/stanley_control.egg-info/top_level.txt
[0.732s] reading manifest file '../../build/stanley_control/stanley_control.egg-info/SOURCES.txt'
[0.732s] writing manifest file '../../build/stanley_control/stanley_control.egg-info/SOURCES.txt'
[0.732s] running build
[0.733s] running build_py
[0.733s] copying stanley_control/__init__.py -> /home/airlab/ros2_ws/build/stanley_control/build/lib/stanley_control
[0.733s] copying stanley_control/stanley_node.py -> /home/airlab/ros2_ws/build/stanley_control/build/lib/stanley_control
[0.733s] running install
[0.736s] running install_lib
[0.750s] copying /home/airlab/ros2_ws/build/stanley_control/build/lib/stanley_control/stanley_node.py -> /home/airlab/ros2_ws/install/stanley_control/lib/python3.12/site-packages/stanley_control
[0.751s] byte-compiling /home/airlab/ros2_ws/install/stanley_control/lib/python3.12/site-packages/stanley_control/stanley_node.py to stanley_node.cpython-312.pyc
[0.752s] running install_data
[0.752s] copying resource/stanley_control -> /home/airlab/ros2_ws/install/stanley_control/share/ament_index/resource_index/packages
[0.752s] copying package.xml -> /home/airlab/ros2_ws/install/stanley_control/share/stanley_control
[0.752s] running install_egg_info
[0.767s] removing '/home/airlab/ros2_ws/install/stanley_control/lib/python3.12/site-packages/stanley_control-0.0.0-py3.12.egg-info' (and everything under it)
[0.767s] Copying ../../build/stanley_control/stanley_control.egg-info to /home/airlab/ros2_ws/install/stanley_control/lib/python3.12/site-packages/stanley_control-0.0.0-py3.12.egg-info
[0.768s] running install_scripts
[0.801s] Installing stanley_node script to /home/airlab/ros2_ws/install/stanley_control/lib/stanley_control
[0.801s] writing list of installed files to '/home/airlab/ros2_ws/build/stanley_control/install.log'
[0.817s] Invoked command in '/home/airlab/ros2_ws/src/stanley_control' returned '0': DEBUGINFOD_URLS=https://debuginfod.ubuntu.com PYTHONPATH=/home/airlab/ros2_ws/build/stanley_control/prefix_override:/usr/lib/python3/dist-packages/colcon_core/task/python/colcon_distutils_commands:/home/airlab/ros2_ws/install/stanley_control/lib/python3.12/site-packages:${PYTHONPATH} /usr/bin/python3 -W ignore:setup.py install is deprecated -W ignore:easy_install command is deprecated setup.py egg_info --egg-base ../../build/stanley_control build --build-base /home/airlab/ros2_ws/build/stanley_control/build install --record /home/airlab/ros2_ws/build/stanley_control/install.log --single-version-externally-managed install_data
