[0.426s] Invoking command in '/home/airlab/ros2_ws/src/carla_path_planner': DEBUGINFOD_URLS=https://debuginfod.ubuntu.com PYTHONPATH=/home/airlab/ros2_ws/build/carla_path_planner/prefix_override:/usr/lib/python3/dist-packages/colcon_core/task/python/colcon_distutils_commands:/home/airlab/ros2_ws/install/carla_path_planner/lib/python3.12/site-packages:${PYTHONPATH} /usr/bin/python3 -W ignore:setup.py install is deprecated -W ignore:easy_install command is deprecated setup.py egg_info --egg-base ../../build/carla_path_planner build --build-base /home/airlab/ros2_ws/build/carla_path_planner/build install --record /home/airlab/ros2_ws/build/carla_path_planner/install.log --single-version-externally-managed install_data
[0.516s] /home/airlab/carla/carla_venv/lib/python3.12/site-packages/setuptools/_distutils/dist.py:289: UserWarning: Unknown distribution option: 'tests_require'
[0.516s]   warnings.warn(msg)
[0.586s] running egg_info
[0.597s] writing ../../build/carla_path_planner/carla_path_planner.egg-info/PKG-INFO
[0.597s] writing dependency_links to ../../build/carla_path_planner/carla_path_planner.egg-info/dependency_links.txt
[0.597s] writing entry points to ../../build/carla_path_planner/carla_path_planner.egg-info/entry_points.txt
[0.597s] writing requirements to ../../build/carla_path_planner/carla_path_planner.egg-info/requires.txt
[0.597s] writing top-level names to ../../build/carla_path_planner/carla_path_planner.egg-info/top_level.txt
[0.625s] reading manifest file '../../build/carla_path_planner/carla_path_planner.egg-info/SOURCES.txt'
[0.626s] writing manifest file '../../build/carla_path_planner/carla_path_planner.egg-info/SOURCES.txt'
[0.626s] running build
[0.626s] running build_py
[0.626s] copying carla_path_planner/__init__.py -> /home/airlab/ros2_ws/build/carla_path_planner/build/lib/carla_path_planner
[0.626s] copying carla_path_planner/path_planner_node.py -> /home/airlab/ros2_ws/build/carla_path_planner/build/lib/carla_path_planner
[0.626s] running install
[0.629s] running install_lib
[0.644s] copying /home/airlab/ros2_ws/build/carla_path_planner/build/lib/carla_path_planner/path_planner_node.py -> /home/airlab/ros2_ws/install/carla_path_planner/lib/python3.12/site-packages/carla_path_planner
[0.644s] byte-compiling /home/airlab/ros2_ws/install/carla_path_planner/lib/python3.12/site-packages/carla_path_planner/path_planner_node.py to path_planner_node.cpython-312.pyc
[0.645s] running install_data
[0.645s] copying package.xml -> /home/airlab/ros2_ws/install/carla_path_planner/share/carla_path_planner
[0.645s] copying launch/path_planner.launch.py -> /home/airlab/ros2_ws/install/carla_path_planner/share/carla_path_planner/launch
[0.646s] copying config/params.yaml -> /home/airlab/ros2_ws/install/carla_path_planner/share/carla_path_planner/config
[0.646s] running install_egg_info
[0.656s] removing '/home/airlab/ros2_ws/install/carla_path_planner/lib/python3.12/site-packages/carla_path_planner-0.1.0-py3.12.egg-info' (and everything under it)
[0.656s] Copying ../../build/carla_path_planner/carla_path_planner.egg-info to /home/airlab/ros2_ws/install/carla_path_planner/lib/python3.12/site-packages/carla_path_planner-0.1.0-py3.12.egg-info
[0.657s] running install_scripts
[0.685s] Installing path_planner script to /home/airlab/ros2_ws/install/carla_path_planner/lib/carla_path_planner
[0.685s] writing list of installed files to '/home/airlab/ros2_ws/build/carla_path_planner/install.log'
[0.699s] Invoked command in '/home/airlab/ros2_ws/src/carla_path_planner' returned '0': DEBUGINFOD_URLS=https://debuginfod.ubuntu.com PYTHONPATH=/home/airlab/ros2_ws/build/carla_path_planner/prefix_override:/usr/lib/python3/dist-packages/colcon_core/task/python/colcon_distutils_commands:/home/airlab/ros2_ws/install/carla_path_planner/lib/python3.12/site-packages:${PYTHONPATH} /usr/bin/python3 -W ignore:setup.py install is deprecated -W ignore:easy_install command is deprecated setup.py egg_info --egg-base ../../build/carla_path_planner build --build-base /home/airlab/ros2_ws/build/carla_path_planner/build install --record /home/airlab/ros2_ws/build/carla_path_planner/install.log --single-version-externally-managed install_data
